--------------------------------------------------------------------------------
Release 14.5 Trace  (nt)
Copyright (c) 1995-2012 Xilinx, Inc.  All rights reserved.

C:\Xilinx\14.5\ISE_DS\ISE\bin\nt\unwrapped\trce.exe -intstyle ise -v 3 -s 3 -n
3 -fastpaths -xml tetris.twx tetris.ncd -o tetris.twr tetris.pcf -ucf
cons_file.ucf

Design file:              tetris.ncd
Physical constraint file: tetris.pcf
Device,package,speed:     xc6slx16,csg324,C,-3 (PRODUCTION 1.23 2013-03-26)
Report level:             verbose report

Environment Variable      Effect 
--------------------      ------ 
NONE                      No environment variables were set
--------------------------------------------------------------------------------

INFO:Timing:3412 - To improve timing, see the Timing Closure User Guide (UG612).
INFO:Timing:2752 - To get complete path coverage, use the unconstrained paths 
   option. All paths that are not constrained will be reported in the 
   unconstrained paths section(s) of the report.
INFO:Timing:3339 - The clock-to-out numbers in this timing report are based on 
   a 50 Ohm transmission line loading model.  For the details of this model, 
   and for more information on accounting for different loading conditions, 
   please see the device datasheet.

================================================================================
Timing constraint: TS_sys_clk_pin = PERIOD TIMEGRP "sys_clk_pin" 10 ns HIGH 
50%;
For more information, see Period Analysis in the Timing Closure User Guide (UG612).

 4 paths analyzed, 4 endpoints analyzed, 0 failing endpoints
 0 timing errors detected. (0 setup errors, 0 hold errors, 0 component switching limit errors)
 Minimum period is   1.730ns.
--------------------------------------------------------------------------------

Paths for end point clk_div_cnt_1 (SLICE_X19Y29.B1), 1 path
--------------------------------------------------------------------------------
Slack (setup path):     8.825ns (requirement - (data path - clock path skew + uncertainty))
  Source:               clk_div_cnt_0 (FF)
  Destination:          clk_div_cnt_1 (FF)
  Requirement:          10.000ns
  Data Path Delay:      1.140ns (Levels of Logic = 1)
  Clock Path Skew:      0.000ns
  Source Clock:         clk_too_fast_BUFGP rising at 0.000ns
  Destination Clock:    clk_too_fast_BUFGP rising at 10.000ns
  Clock Uncertainty:    0.035ns

  Clock Uncertainty:          0.035ns  ((TSJ^2 + TIJ^2)^1/2 + DJ) / 2 + PE
    Total System Jitter (TSJ):  0.070ns
    Total Input Jitter (TIJ):   0.000ns
    Discrete Jitter (DJ):       0.000ns
    Phase Error (PE):           0.000ns

  Maximum Data Path at Slow Process Corner: clk_div_cnt_0 to clk_div_cnt_1
    Location             Delay type         Delay(ns)  Physical Resource
                                                       Logical Resource(s)
    -------------------------------------------------  -------------------
    SLICE_X19Y29.AQ      Tcko                  0.391   clk_div_cnt<1>
                                                       clk_div_cnt_0
    SLICE_X19Y29.B1      net (fanout=2)        0.427   clk_div_cnt<0>
    SLICE_X19Y29.CLK     Tas                   0.322   clk_div_cnt<1>
                                                       Mcount_clk_div_cnt_xor<1>11
                                                       clk_div_cnt_1
    -------------------------------------------------  ---------------------------
    Total                                      1.140ns (0.713ns logic, 0.427ns route)
                                                       (62.5% logic, 37.5% route)

--------------------------------------------------------------------------------

Paths for end point clk (SLICE_X18Y29.AX), 1 path
--------------------------------------------------------------------------------
Slack (setup path):     8.884ns (requirement - (data path - clock path skew + uncertainty))
  Source:               clk_div_cnt_1 (FF)
  Destination:          clk (FF)
  Requirement:          10.000ns
  Data Path Delay:      1.072ns (Levels of Logic = 0)
  Clock Path Skew:      -0.009ns (0.153 - 0.162)
  Source Clock:         clk_too_fast_BUFGP rising at 0.000ns
  Destination Clock:    clk_too_fast_BUFGP rising at 10.000ns
  Clock Uncertainty:    0.035ns

  Clock Uncertainty:          0.035ns  ((TSJ^2 + TIJ^2)^1/2 + DJ) / 2 + PE
    Total System Jitter (TSJ):  0.070ns
    Total Input Jitter (TIJ):   0.000ns
    Discrete Jitter (DJ):       0.000ns
    Phase Error (PE):           0.000ns

  Maximum Data Path at Slow Process Corner: clk_div_cnt_1 to clk
    Location             Delay type         Delay(ns)  Physical Resource
                                                       Logical Resource(s)
    -------------------------------------------------  -------------------
    SLICE_X19Y29.BQ      Tcko                  0.391   clk_div_cnt<1>
                                                       clk_div_cnt_1
    SLICE_X18Y29.AX      net (fanout=2)        0.595   clk_div_cnt<1>
    SLICE_X18Y29.CLK     Tdick                 0.086   clk
                                                       clk
    -------------------------------------------------  ---------------------------
    Total                                      1.072ns (0.477ns logic, 0.595ns route)
                                                       (44.5% logic, 55.5% route)

--------------------------------------------------------------------------------

Paths for end point clk_div_cnt_1 (SLICE_X19Y29.B5), 1 path
--------------------------------------------------------------------------------
Slack (setup path):     9.054ns (requirement - (data path - clock path skew + uncertainty))
  Source:               clk_div_cnt_1 (FF)
  Destination:          clk_div_cnt_1 (FF)
  Requirement:          10.000ns
  Data Path Delay:      0.911ns (Levels of Logic = 1)
  Clock Path Skew:      0.000ns
  Source Clock:         clk_too_fast_BUFGP rising at 0.000ns
  Destination Clock:    clk_too_fast_BUFGP rising at 10.000ns
  Clock Uncertainty:    0.035ns

  Clock Uncertainty:          0.035ns  ((TSJ^2 + TIJ^2)^1/2 + DJ) / 2 + PE
    Total System Jitter (TSJ):  0.070ns
    Total Input Jitter (TIJ):   0.000ns
    Discrete Jitter (DJ):       0.000ns
    Phase Error (PE):           0.000ns

  Maximum Data Path at Slow Process Corner: clk_div_cnt_1 to clk_div_cnt_1
    Location             Delay type         Delay(ns)  Physical Resource
                                                       Logical Resource(s)
    -------------------------------------------------  -------------------
    SLICE_X19Y29.BQ      Tcko                  0.391   clk_div_cnt<1>
                                                       clk_div_cnt_1
    SLICE_X19Y29.B5      net (fanout=2)        0.198   clk_div_cnt<1>
    SLICE_X19Y29.CLK     Tas                   0.322   clk_div_cnt<1>
                                                       Mcount_clk_div_cnt_xor<1>11
                                                       clk_div_cnt_1
    -------------------------------------------------  ---------------------------
    Total                                      0.911ns (0.713ns logic, 0.198ns route)
                                                       (78.3% logic, 21.7% route)

--------------------------------------------------------------------------------

Hold Paths: TS_sys_clk_pin = PERIOD TIMEGRP "sys_clk_pin" 10 ns HIGH 50%;
--------------------------------------------------------------------------------

Paths for end point clk_div_cnt_0 (SLICE_X19Y29.A6), 1 path
--------------------------------------------------------------------------------
Slack (hold path):      0.436ns (requirement - (clock path skew + uncertainty - data path))
  Source:               clk_div_cnt_0 (FF)
  Destination:          clk_div_cnt_0 (FF)
  Requirement:          0.000ns
  Data Path Delay:      0.436ns (Levels of Logic = 1)
  Clock Path Skew:      0.000ns
  Source Clock:         clk_too_fast_BUFGP rising at 10.000ns
  Destination Clock:    clk_too_fast_BUFGP rising at 10.000ns
  Clock Uncertainty:    0.000ns

  Minimum Data Path at Fast Process Corner: clk_div_cnt_0 to clk_div_cnt_0
    Location             Delay type         Delay(ns)  Physical Resource
                                                       Logical Resource(s)
    -------------------------------------------------  -------------------
    SLICE_X19Y29.AQ      Tcko                  0.198   clk_div_cnt<1>
                                                       clk_div_cnt_0
    SLICE_X19Y29.A6      net (fanout=2)        0.023   clk_div_cnt<0>
    SLICE_X19Y29.CLK     Tah         (-Th)    -0.215   clk_div_cnt<1>
                                                       Mcount_clk_div_cnt_xor<0>11_INV_0
                                                       clk_div_cnt_0
    -------------------------------------------------  ---------------------------
    Total                                      0.436ns (0.413ns logic, 0.023ns route)
                                                       (94.7% logic, 5.3% route)

--------------------------------------------------------------------------------

Paths for end point clk_div_cnt_1 (SLICE_X19Y29.B5), 1 path
--------------------------------------------------------------------------------
Slack (hold path):      0.486ns (requirement - (clock path skew + uncertainty - data path))
  Source:               clk_div_cnt_1 (FF)
  Destination:          clk_div_cnt_1 (FF)
  Requirement:          0.000ns
  Data Path Delay:      0.486ns (Levels of Logic = 1)
  Clock Path Skew:      0.000ns
  Source Clock:         clk_too_fast_BUFGP rising at 10.000ns
  Destination Clock:    clk_too_fast_BUFGP rising at 10.000ns
  Clock Uncertainty:    0.000ns

  Minimum Data Path at Fast Process Corner: clk_div_cnt_1 to clk_div_cnt_1
    Location             Delay type         Delay(ns)  Physical Resource
                                                       Logical Resource(s)
    -------------------------------------------------  -------------------
    SLICE_X19Y29.BQ      Tcko                  0.198   clk_div_cnt<1>
                                                       clk_div_cnt_1
    SLICE_X19Y29.B5      net (fanout=2)        0.073   clk_div_cnt<1>
    SLICE_X19Y29.CLK     Tah         (-Th)    -0.215   clk_div_cnt<1>
                                                       Mcount_clk_div_cnt_xor<1>11
                                                       clk_div_cnt_1
    -------------------------------------------------  ---------------------------
    Total                                      0.486ns (0.413ns logic, 0.073ns route)
                                                       (85.0% logic, 15.0% route)

--------------------------------------------------------------------------------

Paths for end point clk (SLICE_X18Y29.AX), 1 path
--------------------------------------------------------------------------------
Slack (hold path):      0.621ns (requirement - (clock path skew + uncertainty - data path))
  Source:               clk_div_cnt_1 (FF)
  Destination:          clk (FF)
  Requirement:          0.000ns
  Data Path Delay:      0.623ns (Levels of Logic = 0)
  Clock Path Skew:      0.002ns (0.042 - 0.040)
  Source Clock:         clk_too_fast_BUFGP rising at 10.000ns
  Destination Clock:    clk_too_fast_BUFGP rising at 10.000ns
  Clock Uncertainty:    0.000ns

  Minimum Data Path at Fast Process Corner: clk_div_cnt_1 to clk
    Location             Delay type         Delay(ns)  Physical Resource
                                                       Logical Resource(s)
    -------------------------------------------------  -------------------
    SLICE_X19Y29.BQ      Tcko                  0.198   clk_div_cnt<1>
                                                       clk_div_cnt_1
    SLICE_X18Y29.AX      net (fanout=2)        0.384   clk_div_cnt<1>
    SLICE_X18Y29.CLK     Tckdi       (-Th)    -0.041   clk
                                                       clk
    -------------------------------------------------  ---------------------------
    Total                                      0.623ns (0.239ns logic, 0.384ns route)
                                                       (38.4% logic, 61.6% route)

--------------------------------------------------------------------------------

Component Switching Limit Checks: TS_sys_clk_pin = PERIOD TIMEGRP "sys_clk_pin" 10 ns HIGH 50%;
--------------------------------------------------------------------------------
Slack: 8.270ns (period - min period limit)
  Period: 10.000ns
  Min period limit: 1.730ns (578.035MHz) (Tbcper_I)
  Physical resource: clk_too_fast_BUFGP/BUFG/I0
  Logical resource: clk_too_fast_BUFGP/BUFG/I0
  Location pin: BUFGMUX_X3Y13.I0
  Clock network: clk_too_fast_BUFGP/IBUFG
--------------------------------------------------------------------------------
Slack: 9.595ns (period - min period limit)
  Period: 10.000ns
  Min period limit: 0.405ns (2469.136MHz) (Tcp)
  Physical resource: clk/CLK
  Logical resource: clk/CK
  Location pin: SLICE_X18Y29.CLK
  Clock network: clk_too_fast_BUFGP
--------------------------------------------------------------------------------
Slack: 9.606ns (period - min period limit)
  Period: 10.000ns
  Min period limit: 0.394ns (2538.071MHz) (Tcp)
  Physical resource: clk_div_cnt<1>/CLK
  Logical resource: clk_div_cnt_0/CK
  Location pin: SLICE_X19Y29.CLK
  Clock network: clk_too_fast_BUFGP
--------------------------------------------------------------------------------


All constraints were met.


Data Sheet report:
-----------------
All values displayed in nanoseconds (ns)

Clock to Setup on destination clock clk_too_fast
---------------+---------+---------+---------+---------+
               | Src:Rise| Src:Fall| Src:Rise| Src:Fall|
Source Clock   |Dest:Rise|Dest:Rise|Dest:Fall|Dest:Fall|
---------------+---------+---------+---------+---------+
clk_too_fast   |    1.175|         |         |         |
---------------+---------+---------+---------+---------+


Timing summary:
---------------

Timing errors: 0  Score: 0  (Setup/Max: 0, Hold: 0)

Constraints cover 4 paths, 0 nets, and 7 connections

Design statistics:
   Minimum period:   1.730ns{1}   (Maximum frequency: 578.035MHz)


------------------------------------Footnotes-----------------------------------
1)  The minimum period statistic assumes all single cycle delays.

Analysis completed Tue Dec 23 09:09:04 2025 
--------------------------------------------------------------------------------

Trace Settings:
-------------------------
Trace Settings 

Peak Memory Usage: 198 MB



