Release 14.5 - xst P.58f (nt64)
Copyright (c) 1995-2012 Xilinx, Inc.  All rights reserved.
--> Parameter TMPDIR set to xst/projnav.tmp


Total REAL time to Xst completion: 0.00 secs
Total CPU time to Xst completion: 0.11 secs
 
--> Parameter xsthdpdir set to xst


Total REAL time to Xst completion: 0.00 secs
Total CPU time to Xst completion: 0.11 secs
 
--> Reading design: tetris.prj

TABLE OF CONTENTS
  1) Synthesis Options Summary
  2) HDL Parsing
  3) HDL Elaboration
  4) HDL Synthesis
       4.1) HDL Synthesis Report
  5) Advanced HDL Synthesis
       5.1) Advanced HDL Synthesis Report
  6) Low Level Synthesis
  7) Partition Report
  8) Design Summary
       8.1) Primitive and Black Box Usage
       8.2) Device utilization summary
       8.3) Partition Resource Summary
       8.4) Timing Report
            8.4.1) Clock Information
            8.4.2) Asynchronous Control Signals Information
            8.4.3) Timing Summary
            8.4.4) Timing Details
            8.4.5) Cross Clock Domains Report


=========================================================================
*                      Synthesis Options Summary                        *
=========================================================================
---- Source Parameters
Input File Name                    : "tetris.prj"
Ignore Synthesis Constraint File   : NO

---- Target Parameters
Output File Name                   : "tetris"
Output Format                      : NGC
Target Device                      : xc6slx16-3-csg324

---- Source Options
Top Module Name                    : tetris
Automatic FSM Extraction           : YES
FSM Encoding Algorithm             : Auto
Safe Implementation                : No
FSM Style                          : LUT
RAM Extraction                     : Yes
RAM Style                          : Auto
ROM Extraction                     : Yes
Shift Register Extraction          : YES
ROM Style                          : Auto
Resource Sharing                   : YES
Asynchronous To Synchronous        : NO
Shift Register Minimum Size        : 2
Use DSP Block                      : Auto
Automatic Register Balancing       : No

---- Target Options
LUT Combining                      : Auto
Reduce Control Sets                : Auto
Add IO Buffers                     : YES
Global Maximum Fanout              : 100000
Add Generic Clock Buffer(BUFG)     : 16
Register Duplication               : YES
Optimize Instantiated Primitives   : NO
Use Clock Enable                   : Auto
Use Synchronous Set                : Auto
Use Synchronous Reset              : Auto
Pack IO Registers into IOBs        : Auto
Equivalent register Removal        : YES

---- General Options
Optimization Goal                  : Speed
Optimization Effort                : 1
Power Reduction                    : NO
Keep Hierarchy                     : No
Netlist Hierarchy                  : As_Optimized
RTL Output                         : Yes
Global Optimization                : AllClockNets
Read Cores                         : YES
Write Timing Constraints           : NO
Cross Clock Analysis               : NO
Hierarchy Separator                : /
Bus Delimiter                      : <>
Case Specifier                     : Maintain
Slice Utilization Ratio            : 100
BRAM Utilization Ratio             : 100
DSP48 Utilization Ratio            : 100
Auto BRAM Packing                  : NO
Slice Utilization Ratio Delta      : 5

=========================================================================


=========================================================================
*                          HDL Parsing                                  *
=========================================================================
Analyzing Verilog file "D:\xillinx\tetris\one.v" into library work
Parsing module <calc_cur_blk>.
Parsing module <calc_test_pos_rot>.
Parsing module <complete_row>.
Parsing module <debouncer>.
Parsing module <game_clock>.
Parsing module <randomizer>.
Parsing module <seg_display>.
Parsing module <tetris>.
Parsing module <vga_display>.

=========================================================================
*                            HDL Elaboration                            *
=========================================================================

Elaborating module <tetris>.
WARNING:HDLCompiler:413 - "D:\xillinx\tetris\one.v" Line 569: Result of 3-bit expression is truncated to fit in 2-bit target.

Elaborating module <randomizer>.
WARNING:HDLCompiler:413 - "D:\xillinx\tetris\one.v" Line 462: Result of 4-bit expression is truncated to fit in 3-bit target.

Elaborating module <debouncer>.
WARNING:HDLCompiler:413 - "D:\xillinx\tetris\one.v" Line 402: Result of 18-bit expression is truncated to fit in 17-bit target.

Elaborating module <calc_cur_blk>.
WARNING:HDLCompiler:413 - "D:\xillinx\tetris\one.v" Line 126: Result of 10-bit expression is truncated to fit in 8-bit target.
WARNING:HDLCompiler:413 - "D:\xillinx\tetris\one.v" Line 127: Result of 11-bit expression is truncated to fit in 8-bit target.
WARNING:HDLCompiler:413 - "D:\xillinx\tetris\one.v" Line 128: Result of 11-bit expression is truncated to fit in 8-bit target.
WARNING:HDLCompiler:413 - "D:\xillinx\tetris\one.v" Line 129: Result of 11-bit expression is truncated to fit in 8-bit target.
WARNING:HDLCompiler:413 - "D:\xillinx\tetris\one.v" Line 133: Result of 10-bit expression is truncated to fit in 8-bit target.
WARNING:HDLCompiler:413 - "D:\xillinx\tetris\one.v" Line 134: Result of 11-bit expression is truncated to fit in 8-bit target.
WARNING:HDLCompiler:413 - "D:\xillinx\tetris\one.v" Line 135: Result of 11-bit expression is truncated to fit in 8-bit target.
WARNING:HDLCompiler:413 - "D:\xillinx\tetris\one.v" Line 136: Result of 11-bit expression is truncated to fit in 8-bit target.
WARNING:HDLCompiler:413 - "D:\xillinx\tetris\one.v" Line 142: Result of 10-bit expression is truncated to fit in 8-bit target.
WARNING:HDLCompiler:413 - "D:\xillinx\tetris\one.v" Line 143: Result of 11-bit expression is truncated to fit in 8-bit target.
WARNING:HDLCompiler:413 - "D:\xillinx\tetris\one.v" Line 144: Result of 11-bit expression is truncated to fit in 8-bit target.
WARNING:HDLCompiler:413 - "D:\xillinx\tetris\one.v" Line 145: Result of 12-bit expression is truncated to fit in 8-bit target.
WARNING:HDLCompiler:413 - "D:\xillinx\tetris\one.v" Line 152: Result of 11-bit expression is truncated to fit in 8-bit target.
WARNING:HDLCompiler:413 - "D:\xillinx\tetris\one.v" Line 153: Result of 11-bit expression is truncated to fit in 8-bit target.
WARNING:HDLCompiler:413 - "D:\xillinx\tetris\one.v" Line 154: Result of 12-bit expression is truncated to fit in 8-bit target.
WARNING:HDLCompiler:413 - "D:\xillinx\tetris\one.v" Line 155: Result of 12-bit expression is truncated to fit in 8-bit target.
WARNING:HDLCompiler:413 - "D:\xillinx\tetris\one.v" Line 160: Result of 10-bit expression is truncated to fit in 8-bit target.
WARNING:HDLCompiler:413 - "D:\xillinx\tetris\one.v" Line 161: Result of 11-bit expression is truncated to fit in 8-bit target.
WARNING:HDLCompiler:413 - "D:\xillinx\tetris\one.v" Line 162: Result of 11-bit expression is truncated to fit in 8-bit target.
WARNING:HDLCompiler:413 - "D:\xillinx\tetris\one.v" Line 163: Result of 12-bit expression is truncated to fit in 8-bit target.
WARNING:HDLCompiler:413 - "D:\xillinx\tetris\one.v" Line 168: Result of 10-bit expression is truncated to fit in 8-bit target.
WARNING:HDLCompiler:413 - "D:\xillinx\tetris\one.v" Line 169: Result of 11-bit expression is truncated to fit in 8-bit target.
WARNING:HDLCompiler:413 - "D:\xillinx\tetris\one.v" Line 170: Result of 11-bit expression is truncated to fit in 8-bit target.
WARNING:HDLCompiler:413 - "D:\xillinx\tetris\one.v" Line 171: Result of 12-bit expression is truncated to fit in 8-bit target.
WARNING:HDLCompiler:413 - "D:\xillinx\tetris\one.v" Line 176: Result of 11-bit expression is truncated to fit in 8-bit target.
WARNING:HDLCompiler:413 - "D:\xillinx\tetris\one.v" Line 177: Result of 12-bit expression is truncated to fit in 8-bit target.
WARNING:HDLCompiler:413 - "D:\xillinx\tetris\one.v" Line 178: Result of 12-bit expression is truncated to fit in 8-bit target.
WARNING:HDLCompiler:413 - "D:\xillinx\tetris\one.v" Line 179: Result of 11-bit expression is truncated to fit in 8-bit target.
WARNING:HDLCompiler:413 - "D:\xillinx\tetris\one.v" Line 187: Result of 11-bit expression is truncated to fit in 8-bit target.
WARNING:HDLCompiler:413 - "D:\xillinx\tetris\one.v" Line 188: Result of 11-bit expression is truncated to fit in 8-bit target.
WARNING:HDLCompiler:413 - "D:\xillinx\tetris\one.v" Line 189: Result of 11-bit expression is truncated to fit in 8-bit target.
WARNING:HDLCompiler:413 - "D:\xillinx\tetris\one.v" Line 190: Result of 12-bit expression is truncated to fit in 8-bit target.
WARNING:HDLCompiler:413 - "D:\xillinx\tetris\one.v" Line 194: Result of 10-bit expression is truncated to fit in 8-bit target.
WARNING:HDLCompiler:413 - "D:\xillinx\tetris\one.v" Line 195: Result of 11-bit expression is truncated to fit in 8-bit target.
WARNING:HDLCompiler:413 - "D:\xillinx\tetris\one.v" Line 196: Result of 12-bit expression is truncated to fit in 8-bit target.
WARNING:HDLCompiler:413 - "D:\xillinx\tetris\one.v" Line 197: Result of 12-bit expression is truncated to fit in 8-bit target.
WARNING:HDLCompiler:413 - "D:\xillinx\tetris\one.v" Line 204: Result of 10-bit expression is truncated to fit in 8-bit target.
WARNING:HDLCompiler:413 - "D:\xillinx\tetris\one.v" Line 205: Result of 11-bit expression is truncated to fit in 8-bit target.
WARNING:HDLCompiler:413 - "D:\xillinx\tetris\one.v" Line 206: Result of 12-bit expression is truncated to fit in 8-bit target.
WARNING:HDLCompiler:413 - "D:\xillinx\tetris\one.v" Line 207: Result of 12-bit expression is truncated to fit in 8-bit target.
WARNING:HDLCompiler:413 - "D:\xillinx\tetris\one.v" Line 211: Result of 11-bit expression is truncated to fit in 8-bit target.
WARNING:HDLCompiler:413 - "D:\xillinx\tetris\one.v" Line 212: Result of 11-bit expression is truncated to fit in 8-bit target.
WARNING:HDLCompiler:413 - "D:\xillinx\tetris\one.v" Line 213: Result of 11-bit expression is truncated to fit in 8-bit target.
WARNING:HDLCompiler:413 - "D:\xillinx\tetris\one.v" Line 214: Result of 12-bit expression is truncated to fit in 8-bit target.
WARNING:HDLCompiler:413 - "D:\xillinx\tetris\one.v" Line 222: Result of 11-bit expression is truncated to fit in 8-bit target.
WARNING:HDLCompiler:413 - "D:\xillinx\tetris\one.v" Line 223: Result of 12-bit expression is truncated to fit in 8-bit target.
WARNING:HDLCompiler:413 - "D:\xillinx\tetris\one.v" Line 224: Result of 12-bit expression is truncated to fit in 8-bit target.
WARNING:HDLCompiler:413 - "D:\xillinx\tetris\one.v" Line 225: Result of 11-bit expression is truncated to fit in 8-bit target.
WARNING:HDLCompiler:413 - "D:\xillinx\tetris\one.v" Line 230: Result of 10-bit expression is truncated to fit in 8-bit target.
WARNING:HDLCompiler:413 - "D:\xillinx\tetris\one.v" Line 231: Result of 11-bit expression is truncated to fit in 8-bit target.
WARNING:HDLCompiler:413 - "D:\xillinx\tetris\one.v" Line 232: Result of 12-bit expression is truncated to fit in 8-bit target.
WARNING:HDLCompiler:413 - "D:\xillinx\tetris\one.v" Line 233: Result of 12-bit expression is truncated to fit in 8-bit target.
WARNING:HDLCompiler:413 - "D:\xillinx\tetris\one.v" Line 238: Result of 10-bit expression is truncated to fit in 8-bit target.
WARNING:HDLCompiler:413 - "D:\xillinx\tetris\one.v" Line 239: Result of 11-bit expression is truncated to fit in 8-bit target.
WARNING:HDLCompiler:413 - "D:\xillinx\tetris\one.v" Line 240: Result of 11-bit expression is truncated to fit in 8-bit target.
WARNING:HDLCompiler:413 - "D:\xillinx\tetris\one.v" Line 241: Result of 11-bit expression is truncated to fit in 8-bit target.
WARNING:HDLCompiler:413 - "D:\xillinx\tetris\one.v" Line 246: Result of 10-bit expression is truncated to fit in 8-bit target.
WARNING:HDLCompiler:413 - "D:\xillinx\tetris\one.v" Line 247: Result of 11-bit expression is truncated to fit in 8-bit target.
WARNING:HDLCompiler:413 - "D:\xillinx\tetris\one.v" Line 248: Result of 11-bit expression is truncated to fit in 8-bit target.
WARNING:HDLCompiler:413 - "D:\xillinx\tetris\one.v" Line 249: Result of 12-bit expression is truncated to fit in 8-bit target.
WARNING:HDLCompiler:413 - "D:\xillinx\tetris\one.v" Line 258: Result of 10-bit expression is truncated to fit in 8-bit target.
WARNING:HDLCompiler:413 - "D:\xillinx\tetris\one.v" Line 259: Result of 11-bit expression is truncated to fit in 8-bit target.
WARNING:HDLCompiler:413 - "D:\xillinx\tetris\one.v" Line 260: Result of 11-bit expression is truncated to fit in 8-bit target.
WARNING:HDLCompiler:413 - "D:\xillinx\tetris\one.v" Line 261: Result of 12-bit expression is truncated to fit in 8-bit target.
WARNING:HDLCompiler:413 - "D:\xillinx\tetris\one.v" Line 266: Result of 11-bit expression is truncated to fit in 8-bit target.
WARNING:HDLCompiler:413 - "D:\xillinx\tetris\one.v" Line 267: Result of 10-bit expression is truncated to fit in 8-bit target.
WARNING:HDLCompiler:413 - "D:\xillinx\tetris\one.v" Line 268: Result of 11-bit expression is truncated to fit in 8-bit target.
WARNING:HDLCompiler:413 - "D:\xillinx\tetris\one.v" Line 269: Result of 11-bit expression is truncated to fit in 8-bit target.
WARNING:HDLCompiler:413 - "D:\xillinx\tetris\one.v" Line 274: Result of 11-bit expression is truncated to fit in 8-bit target.
WARNING:HDLCompiler:413 - "D:\xillinx\tetris\one.v" Line 275: Result of 12-bit expression is truncated to fit in 8-bit target.
WARNING:HDLCompiler:413 - "D:\xillinx\tetris\one.v" Line 276: Result of 12-bit expression is truncated to fit in 8-bit target.
WARNING:HDLCompiler:413 - "D:\xillinx\tetris\one.v" Line 277: Result of 10-bit expression is truncated to fit in 8-bit target.
WARNING:HDLCompiler:413 - "D:\xillinx\tetris\one.v" Line 282: Result of 11-bit expression is truncated to fit in 8-bit target.
WARNING:HDLCompiler:413 - "D:\xillinx\tetris\one.v" Line 283: Result of 12-bit expression is truncated to fit in 8-bit target.
WARNING:HDLCompiler:413 - "D:\xillinx\tetris\one.v" Line 284: Result of 12-bit expression is truncated to fit in 8-bit target.
WARNING:HDLCompiler:413 - "D:\xillinx\tetris\one.v" Line 285: Result of 11-bit expression is truncated to fit in 8-bit target.

Elaborating module <vga_display>.
WARNING:HDLCompiler:413 - "D:\xillinx\tetris\one.v" Line 1014: Result of 32-bit expression is truncated to fit in 10-bit target.
WARNING:HDLCompiler:413 - "D:\xillinx\tetris\one.v" Line 1015: Result of 32-bit expression is truncated to fit in 10-bit target.
WARNING:HDLCompiler:413 - "D:\xillinx\tetris\one.v" Line 1016: Result of 15-bit expression is truncated to fit in 8-bit target.
WARNING:HDLCompiler:413 - "D:\xillinx\tetris\one.v" Line 1068: Result of 12-bit expression is truncated to fit in 11-bit target.
WARNING:HDLCompiler:413 - "D:\xillinx\tetris\one.v" Line 1071: Result of 12-bit expression is truncated to fit in 11-bit target.

Elaborating module <game_clock>.

Elaborating module <calc_test_pos_rot>.
WARNING:HDLCompiler:413 - "D:\xillinx\tetris\one.v" Line 323: Result of 6-bit expression is truncated to fit in 5-bit target.
WARNING:HDLCompiler:413 - "D:\xillinx\tetris\one.v" Line 325: Result of 32-bit expression is truncated to fit in 4-bit target.
WARNING:HDLCompiler:413 - "D:\xillinx\tetris\one.v" Line 327: Result of 5-bit expression is truncated to fit in 4-bit target.
WARNING:HDLCompiler:413 - "D:\xillinx\tetris\one.v" Line 329: Result of 3-bit expression is truncated to fit in 2-bit target.
WARNING:HDLCompiler:413 - "D:\xillinx\tetris\one.v" Line 331: Result of 6-bit expression is truncated to fit in 5-bit target.
WARNING:HDLCompiler:413 - "D:\xillinx\tetris\one.v" Line 337: Result of 6-bit expression is truncated to fit in 5-bit target.

Elaborating module <seg_display>.
WARNING:HDLCompiler:413 - "D:\xillinx\tetris\one.v" Line 490: Result of 19-bit expression is truncated to fit in 18-bit target.
WARNING:HDLCompiler:413 - "D:\xillinx\tetris\one.v" Line 503: Result of 3-bit expression is truncated to fit in 2-bit target.

Elaborating module <complete_row>.
WARNING:HDLCompiler:413 - "D:\xillinx\tetris\one.v" Line 368: Result of 6-bit expression is truncated to fit in 5-bit target.
WARNING:HDLCompiler:413 - "D:\xillinx\tetris\one.v" Line 807: Result of 6-bit expression is truncated to fit in 5-bit target.
WARNING:HDLCompiler:413 - "D:\xillinx\tetris\one.v" Line 761: Result of 32-bit expression is truncated to fit in 4-bit target.
WARNING:HDLCompiler:413 - "D:\xillinx\tetris\one.v" Line 769: Result of 5-bit expression is truncated to fit in 4-bit target.
WARNING:HDLCompiler:413 - "D:\xillinx\tetris\one.v" Line 779: Result of 3-bit expression is truncated to fit in 2-bit target.
WARNING:HDLCompiler:413 - "D:\xillinx\tetris\one.v" Line 862: Result of 5-bit expression is truncated to fit in 4-bit target.
WARNING:HDLCompiler:413 - "D:\xillinx\tetris\one.v" Line 865: Result of 5-bit expression is truncated to fit in 4-bit target.
WARNING:HDLCompiler:413 - "D:\xillinx\tetris\one.v" Line 868: Result of 5-bit expression is truncated to fit in 4-bit target.
WARNING:HDLCompiler:413 - "D:\xillinx\tetris\one.v" Line 871: Result of 5-bit expression is truncated to fit in 4-bit target.
WARNING:HDLCompiler:413 - "D:\xillinx\tetris\one.v" Line 956: Result of 32-bit expression is truncated to fit in 5-bit target.

=========================================================================
*                           HDL Synthesis                               *
=========================================================================

Synthesizing Unit <tetris>.
    Related source file is "D:\xillinx\tetris\one.v".
INFO:Xst:3210 - "D:\xillinx\tetris\one.v" line 593: Output port <disabled> of the instance <debouncer_btn_drop_> is unconnected or connected to loadless signal.
INFO:Xst:3210 - "D:\xillinx\tetris\one.v" line 599: Output port <disabled> of the instance <debouncer_btn_rotate_> is unconnected or connected to loadless signal.
INFO:Xst:3210 - "D:\xillinx\tetris\one.v" line 605: Output port <disabled> of the instance <debouncer_btn_left_> is unconnected or connected to loadless signal.
INFO:Xst:3210 - "D:\xillinx\tetris\one.v" line 611: Output port <disabled> of the instance <debouncer_btn_right_> is unconnected or connected to loadless signal.
INFO:Xst:3210 - "D:\xillinx\tetris\one.v" line 617: Output port <disabled> of the instance <debouncer_btn_down_> is unconnected or connected to loadless signal.
    Found 1-bit register for signal <clk>.
    Found 32-bit register for signal <drop_timer>.
    Found 1-bit register for signal <game_clk_rst>.
    Found 3-bit register for signal <mode>.
    Found 220-bit register for signal <fallen_pieces>.
    Found 4-bit register for signal <score_1>.
    Found 4-bit register for signal <score_2>.
    Found 4-bit register for signal <score_3>.
    Found 4-bit register for signal <score_4>.
    Found 3-bit register for signal <cur_piece>.
    Found 4-bit register for signal <cur_pos_x>.
    Found 5-bit register for signal <cur_pos_y>.
    Found 2-bit register for signal <cur_rot>.
    Found 3-bit register for signal <old_mode>.
    Found 5-bit register for signal <shifting_row>.
    Found 2-bit register for signal <clk_div_cnt>.
    Found 6-bit subtractor for signal <GND_1_o_GND_1_o_sub_3740_OUT> created at line 955.
    Found 2-bit adder for signal <clk_div_cnt[1]_GND_1_o_add_1_OUT> created at line 569.
    Found 32-bit adder for signal <drop_timer[31]_GND_1_o_add_24_OUT> created at line 911.
    Found 5-bit adder for signal <n2752> created at line 768.
    Found 4-bit adder for signal <cur_pos_x[3]_GND_1_o_add_1828_OUT> created at line 769.
    Found 5-bit adder for signal <n2754> created at line 776.
    Found 6-bit adder for signal <n2756> created at line 777.
    Found 2-bit adder for signal <cur_rot[1]_GND_1_o_add_1834_OUT> created at line 779.
    Found 4-bit adder for signal <score_4[3]_GND_1_o_add_2742_OUT> created at line 862.
    Found 4-bit adder for signal <score_3[3]_GND_1_o_add_2744_OUT> created at line 865.
    Found 4-bit adder for signal <score_2[3]_GND_1_o_add_2747_OUT> created at line 868.
    Found 4-bit adder for signal <score_1[3]_GND_1_o_add_2751_OUT> created at line 871.
    Found 6-bit adder for signal <n2763> created at line 806.
    Found 5-bit adder for signal <cur_pos_y[4]_GND_1_o_add_2831_OUT> created at line 807.
    Found 4-bit subtractor for signal <GND_1_o_GND_1_o_sub_1825_OUT<3:0>> created at line 761.
    Found 32x4-bit multiplier for signal <n2445> created at line 955.
    Found 430-bit shifter logical right for signal <n2446> created at line 955
    Found 5x4-bit multiplier for signal <n2447> created at line 955.
    Found 1-bit 220-to-1 multiplexer for signal <test_blk_1[7]_X_1_o_Mux_5_o> created at line 747.
    Found 1-bit 220-to-1 multiplexer for signal <test_blk_2[7]_X_1_o_Mux_7_o> created at line 748.
    Found 1-bit 220-to-1 multiplexer for signal <test_blk_3[7]_X_1_o_Mux_9_o> created at line 749.
    Found 1-bit 220-to-1 multiplexer for signal <test_blk_4[7]_X_1_o_Mux_11_o> created at line 750.
    Found 1-bit 220-to-1 multiplexer for signal <cur_blk_1[7]_X_1_o_Mux_15_o> created at line 747.
    Found 1-bit 220-to-1 multiplexer for signal <cur_blk_2[7]_X_1_o_Mux_17_o> created at line 748.
    Found 1-bit 220-to-1 multiplexer for signal <cur_blk_3[7]_X_1_o_Mux_19_o> created at line 749.
    Found 1-bit 220-to-1 multiplexer for signal <cur_blk_4[7]_X_1_o_Mux_21_o> created at line 750.
    Found 32-bit comparator lessequal for signal <drop_timer[31]_GND_1_o_LessThan_24_o> created at line 910
    Found 4-bit comparator greater for signal <GND_1_o_cur_pos_x[3]_LessThan_1824_o> created at line 760
    Found 5-bit comparator greater for signal <BUS_0128_GND_1_o_LessThan_1828_o> created at line 768
    Found 5-bit comparator lessequal for signal <n0059> created at line 776
    Found 6-bit comparator lessequal for signal <n0062> created at line 777
    Found 6-bit comparator greater for signal <BUS_0139_GND_1_o_LessThan_2831_o> created at line 806
    Summary:
	inferred   2 Multiplier(s).
	inferred  14 Adder/Subtractor(s).
	inferred 297 D-type flip-flop(s).
	inferred   6 Comparator(s).
	inferred 1153 Multiplexer(s).
	inferred   1 Combinational logic shifter(s).
Unit <tetris> synthesized.

Synthesizing Unit <randomizer>.
    Related source file is "D:\xillinx\tetris\one.v".
    Found 3-bit register for signal <random>.
    Found 3-bit adder for signal <random[2]_GND_2_o_add_2_OUT> created at line 462.
    Summary:
	inferred   1 Adder/Subtractor(s).
	inferred   3 D-type flip-flop(s).
Unit <randomizer> synthesized.

Synthesizing Unit <debouncer>.
    Related source file is "D:\xillinx\tetris\one.v".
    Found 1-bit register for signal <debounced>.
    Found 1-bit register for signal <debounced_prev>.
    Found 17-bit register for signal <counter>.
    Found 17-bit adder for signal <counter[16]_GND_3_o_add_2_OUT> created at line 402.
    Summary:
	inferred   1 Adder/Subtractor(s).
	inferred  19 D-type flip-flop(s).
Unit <debouncer> synthesized.

Synthesizing Unit <calc_cur_blk>.
    Related source file is "D:\xillinx\tetris\one.v".
    Found 6-bit adder for signal <n0113> created at line 129.
    Found 10-bit adder for signal <n0068> created at line 129.
    Found 10-bit adder for signal <n0069> created at line 136.
    Found 10-bit adder for signal <n0081> created at line 188.
    Found 10-bit adder for signal <n0133> created at line 274.
    Found 10-bit adder for signal <n0098> created at line 274.
    Found 6-bit adder for signal <n0121> created at line 276.
    Found 11-bit adder for signal <n0147> created at line 276.
    Found 11-bit adder for signal <n0102> created at line 276.
    Found 6-bit adder for signal <n0124> created at line 282.
    Found 11-bit adder for signal <n0154> created at line 282.
    Found 11-bit adder for signal <n0106> created at line 283.
    Found 11-bit adder for signal <n0107> created at line 284.
    Found 6x4-bit multiplier for signal <n0130> created at line 129.
    Found 5x4-bit multiplier for signal <pos_y[4]_PWR_4_o_MuLt_247_OUT> created at line 274.
    Found 6x4-bit multiplier for signal <BUS_0149_PWR_4_o_MuLt_255_OUT> created at line 276.
    Found 6x4-bit multiplier for signal <BUS_0153_PWR_4_o_MuLt_261_OUT> created at line 282.
    Found 8-bit 3-to-1 multiplexer for signal <rot[1]_BUS_0052_wide_mux_95_OUT> created at line 150.
    Found 8-bit 4-to-1 multiplexer for signal <rot[1]_BUS_0055_wide_mux_96_OUT> created at line 150.
    Found 8-bit 4-to-1 multiplexer for signal <rot[1]_BUS_0057_wide_mux_97_OUT> created at line 150.
    Found 8-bit 4-to-1 multiplexer for signal <rot[1]_BUS_0122_wide_mux_219_OUT> created at line 220.
    Found 8-bit 4-to-1 multiplexer for signal <rot[1]_BUS_0124_wide_mux_220_OUT> created at line 220.
    Found 8-bit 4-to-1 multiplexer for signal <rot[1]_BUS_0127_wide_mux_221_OUT> created at line 220.
    Found 8-bit 4-to-1 multiplexer for signal <rot[1]_BUS_0153_wide_mux_274_OUT> created at line 256.
    Found 8-bit 3-to-1 multiplexer for signal <rot[1]_BUS_0156_wide_mux_275_OUT> created at line 256.
    Found 8-bit 4-to-1 multiplexer for signal <rot[1]_BUS_0159_wide_mux_276_OUT> created at line 256.
    Found 8-bit 4-to-1 multiplexer for signal <rot[1]_BUS_0161_wide_mux_277_OUT> created at line 256.
    Found 8-bit 8-to-1 multiplexer for signal <blk_1> created at line 120.
    Found 8-bit 8-to-1 multiplexer for signal <blk_2> created at line 120.
    Found 8-bit 8-to-1 multiplexer for signal <blk_3> created at line 120.
    Found 8-bit 8-to-1 multiplexer for signal <blk_4> created at line 120.
    Found 3-bit 6-to-1 multiplexer for signal <width> created at line 120.
    Found 3-bit 6-to-1 multiplexer for signal <height> created at line 120.
    Summary:
	inferred   4 Multiplier(s).
	inferred  13 Adder/Subtractor(s).
	inferred  31 Multiplexer(s).
Unit <calc_cur_blk> synthesized.

Synthesizing Unit <vga_display>.
    Related source file is "D:\xillinx\tetris\one.v".
    Found 11-bit register for signal <counter_y>.
    Found 11-bit register for signal <counter_x>.
    Found 12-bit subtractor for signal <GND_7_o_GND_7_o_sub_9_OUT> created at line 1014.
    Found 12-bit subtractor for signal <GND_7_o_GND_7_o_sub_11_OUT> created at line 1015.
    Found 14-bit adder for signal <n0073> created at line 1016.
    Found 11-bit adder for signal <counter_y[10]_GND_7_o_add_35_OUT> created at line 1068.
    Found 11-bit adder for signal <counter_x[10]_GND_7_o_add_37_OUT> created at line 1071.
    Found 10x4-bit multiplier for signal <n0093> created at line 1016.
    Found 1-bit 220-to-1 multiplexer for signal <cur_blk_index[7]_X_5_o_Mux_27_o> created at line 1049.
    Found 11-bit comparator lessequal for signal <n0000> created at line 1001
    Found 11-bit comparator greater for signal <counter_x[10]_GND_7_o_LessThan_2_o> created at line 1002
    Found 11-bit comparator lessequal for signal <n0005> created at line 1003
    Found 11-bit comparator greater for signal <counter_y[10]_GND_7_o_LessThan_4_o> created at line 1004
    Found 11-bit comparator lessequal for signal <n0010> created at line 1007
    Found 11-bit comparator lessequal for signal <n0012> created at line 1007
    Found 11-bit comparator greater for signal <counter_x[10]_GND_7_o_LessThan_7_o> created at line 1008
    Found 11-bit comparator greater for signal <counter_y[10]_GND_7_o_LessThan_8_o> created at line 1008
    Found 8-bit comparator equal for signal <cur_blk_index[7]_cur_blk_1[7]_equal_22_o> created at line 1033
    Found 8-bit comparator equal for signal <cur_blk_index[7]_cur_blk_2[7]_equal_23_o> created at line 1034
    Found 8-bit comparator equal for signal <cur_blk_index[7]_cur_blk_3[7]_equal_24_o> created at line 1035
    Found 8-bit comparator equal for signal <cur_blk_index[7]_cur_blk_4[7]_equal_25_o> created at line 1036
    Found 11-bit comparator greater for signal <n0047> created at line 1063
    Found 11-bit comparator lessequal for signal <n0049> created at line 1065
    Summary:
	inferred   1 Multiplier(s).
	inferred   5 Adder/Subtractor(s).
	inferred  22 D-type flip-flop(s).
	inferred  14 Comparator(s).
	inferred   5 Multiplexer(s).
Unit <vga_display> synthesized.

Synthesizing Unit <div_32u_5u>.
    Related source file is "".
    Found 37-bit adder for signal <n2411> created at line 0.
    Found 37-bit adder for signal <GND_8_o_b[4]_add_1_OUT> created at line 0.
    Found 36-bit adder for signal <n2415> created at line 0.
    Found 36-bit adder for signal <GND_8_o_b[4]_add_3_OUT> created at line 0.
    Found 35-bit adder for signal <n2419> created at line 0.
    Found 35-bit adder for signal <GND_8_o_b[4]_add_5_OUT> created at line 0.
    Found 34-bit adder for signal <n2423> created at line 0.
    Found 34-bit adder for signal <GND_8_o_b[4]_add_7_OUT> created at line 0.
    Found 33-bit adder for signal <n2427> created at line 0.
    Found 33-bit adder for signal <GND_8_o_b[4]_add_9_OUT> created at line 0.
    Found 32-bit adder for signal <n2431> created at line 0.
    Found 32-bit adder for signal <a[31]_b[4]_add_11_OUT> created at line 0.
    Found 32-bit adder for signal <n2435> created at line 0.
    Found 32-bit adder for signal <a[31]_GND_8_o_add_13_OUT> created at line 0.
    Found 32-bit adder for signal <n2439> created at line 0.
    Found 32-bit adder for signal <a[31]_GND_8_o_add_15_OUT> created at line 0.
    Found 32-bit adder for signal <n2443> created at line 0.
    Found 32-bit adder for signal <a[31]_GND_8_o_add_17_OUT> created at line 0.
    Found 32-bit adder for signal <n2447> created at line 0.
    Found 32-bit adder for signal <a[31]_GND_8_o_add_19_OUT> created at line 0.
    Found 32-bit adder for signal <n2451> created at line 0.
    Found 32-bit adder for signal <a[31]_GND_8_o_add_21_OUT> created at line 0.
    Found 32-bit adder for signal <n2455> created at line 0.
    Found 32-bit adder for signal <a[31]_GND_8_o_add_23_OUT> created at line 0.
    Found 32-bit adder for signal <n2459> created at line 0.
    Found 32-bit adder for signal <a[31]_GND_8_o_add_25_OUT> created at line 0.
    Found 32-bit adder for signal <n2463> created at line 0.
    Found 32-bit adder for signal <a[31]_GND_8_o_add_27_OUT> created at line 0.
    Found 32-bit adder for signal <n2467> created at line 0.
    Found 32-bit adder for signal <a[31]_GND_8_o_add_29_OUT> created at line 0.
    Found 32-bit adder for signal <n2471> created at line 0.
    Found 32-bit adder for signal <a[31]_GND_8_o_add_31_OUT> created at line 0.
    Found 32-bit adder for signal <n2475> created at line 0.
    Found 32-bit adder for signal <a[31]_GND_8_o_add_33_OUT> created at line 0.
    Found 32-bit adder for signal <n2479> created at line 0.
    Found 32-bit adder for signal <a[31]_GND_8_o_add_35_OUT> created at line 0.
    Found 32-bit adder for signal <n2483> created at line 0.
    Found 32-bit adder for signal <a[31]_GND_8_o_add_37_OUT> created at line 0.
    Found 32-bit adder for signal <n2487> created at line 0.
    Found 32-bit adder for signal <a[31]_GND_8_o_add_39_OUT> created at line 0.
    Found 32-bit adder for signal <n2491> created at line 0.
    Found 32-bit adder for signal <a[31]_GND_8_o_add_41_OUT> created at line 0.
    Found 32-bit adder for signal <n2495> created at line 0.
    Found 32-bit adder for signal <a[31]_GND_8_o_add_43_OUT> created at line 0.
    Found 32-bit adder for signal <n2499> created at line 0.
    Found 32-bit adder for signal <a[31]_GND_8_o_add_45_OUT> created at line 0.
    Found 32-bit adder for signal <n2503> created at line 0.
    Found 32-bit adder for signal <a[31]_GND_8_o_add_47_OUT> created at line 0.
    Found 32-bit adder for signal <n2507> created at line 0.
    Found 32-bit adder for signal <a[31]_GND_8_o_add_49_OUT> created at line 0.
    Found 32-bit adder for signal <n2511> created at line 0.
    Found 32-bit adder for signal <a[31]_GND_8_o_add_51_OUT> created at line 0.
    Found 32-bit adder for signal <n2515> created at line 0.
    Found 32-bit adder for signal <a[31]_GND_8_o_add_53_OUT> created at line 0.
    Found 32-bit adder for signal <n2519> created at line 0.
    Found 32-bit adder for signal <a[31]_GND_8_o_add_55_OUT> created at line 0.
    Found 32-bit adder for signal <n2523> created at line 0.
    Found 32-bit adder for signal <a[31]_GND_8_o_add_57_OUT> created at line 0.
    Found 32-bit adder for signal <n2527> created at line 0.
    Found 32-bit adder for signal <a[31]_GND_8_o_add_59_OUT[31:0]> created at line 0.
    Found 32-bit adder for signal <n2531> created at line 0.
    Found 32-bit adder for signal <a[31]_GND_8_o_add_61_OUT[31:0]> created at line 0.
    Found 32-bit adder for signal <n2535> created at line 0.
    Found 32-bit adder for signal <a[31]_GND_8_o_add_63_OUT[31:0]> created at line 0.
    Found 37-bit comparator lessequal for signal <BUS_0001> created at line 0
    Found 36-bit comparator lessequal for signal <BUS_0002> created at line 0
    Found 35-bit comparator lessequal for signal <BUS_0003> created at line 0
    Found 34-bit comparator lessequal for signal <BUS_0004> created at line 0
    Found 33-bit comparator lessequal for signal <BUS_0005> created at line 0
    Found 32-bit comparator lessequal for signal <BUS_0006> created at line 0
    Found 32-bit comparator lessequal for signal <BUS_0007> created at line 0
    Found 32-bit comparator lessequal for signal <BUS_0008> created at line 0
    Found 32-bit comparator lessequal for signal <BUS_0009> created at line 0
    Found 32-bit comparator lessequal for signal <BUS_0010> created at line 0
    Found 32-bit comparator lessequal for signal <BUS_0011> created at line 0
    Found 32-bit comparator lessequal for signal <BUS_0012> created at line 0
    Found 32-bit comparator lessequal for signal <BUS_0013> created at line 0
    Found 32-bit comparator lessequal for signal <BUS_0014> created at line 0
    Found 32-bit comparator lessequal for signal <BUS_0015> created at line 0
    Found 32-bit comparator lessequal for signal <BUS_0016> created at line 0
    Found 32-bit comparator lessequal for signal <BUS_0017> created at line 0
    Found 32-bit comparator lessequal for signal <BUS_0018> created at line 0
    Found 32-bit comparator lessequal for signal <BUS_0019> created at line 0
    Found 32-bit comparator lessequal for signal <BUS_0020> created at line 0
    Found 32-bit comparator lessequal for signal <BUS_0021> created at line 0
    Found 32-bit comparator lessequal for signal <BUS_0022> created at line 0
    Found 32-bit comparator lessequal for signal <BUS_0023> created at line 0
    Found 32-bit comparator lessequal for signal <BUS_0024> created at line 0
    Found 32-bit comparator lessequal for signal <BUS_0025> created at line 0
    Found 32-bit comparator lessequal for signal <BUS_0026> created at line 0
    Found 32-bit comparator lessequal for signal <BUS_0027> created at line 0
    Found 32-bit comparator lessequal for signal <BUS_0028> created at line 0
    Found 32-bit comparator lessequal for signal <BUS_0029> created at line 0
    Found 32-bit comparator lessequal for signal <BUS_0030> created at line 0
    Found 32-bit comparator lessequal for signal <BUS_0031> created at line 0
    Found 32-bit comparator lessequal for signal <BUS_0032> created at line 0
    Found 32-bit comparator lessequal for signal <BUS_0033> created at line 0
    Summary:
	inferred  64 Adder/Subtractor(s).
	inferred  33 Comparator(s).
	inferred 931 Multiplexer(s).
Unit <div_32u_5u> synthesized.

Synthesizing Unit <game_clock>.
    Related source file is "D:\xillinx\tetris\one.v".
    Found 1-bit register for signal <game_clk>.
    Found 32-bit register for signal <counter>.
    Found 32-bit adder for signal <counter[31]_GND_10_o_add_2_OUT> created at line 434.
    Summary:
	inferred   1 Adder/Subtractor(s).
	inferred  33 D-type flip-flop(s).
Unit <game_clock> synthesized.

Synthesizing Unit <calc_test_pos_rot>.
    Related source file is "D:\xillinx\tetris\one.v".
WARNING:Xst:647 - Input <btn_drop_en> is never used. This port will be preserved and left unconnected if it belongs to a top-level block or it belongs to a sub-block and the hierarchy of this sub-block is preserved.
    Found 4-bit adder for signal <cur_pos_x[3]_GND_11_o_add_3_OUT> created at line 327.
    Found 2-bit adder for signal <cur_rot[1]_GND_11_o_add_4_OUT> created at line 329.
    Found 5-bit adder for signal <cur_pos_y[4]_GND_11_o_add_19_OUT> created at line 337.
    Found 4-bit subtractor for signal <GND_11_o_GND_11_o_sub_3_OUT<3:0>> created at line 325.
    Summary:
	inferred   3 Adder/Subtractor(s).
	inferred  16 Multiplexer(s).
Unit <calc_test_pos_rot> synthesized.

Synthesizing Unit <seg_display>.
    Related source file is "D:\xillinx\tetris\one.v".
    Found 1-bit register for signal <seg_clk>.
    Found 2-bit register for signal <digit>.
    Found 4-bit register for signal <an>.
    Found 8-bit register for signal <seg>.
    Found 18-bit register for signal <counter>.
    Found 18-bit adder for signal <counter[17]_GND_12_o_add_2_OUT> created at line 490.
    Found 2-bit adder for signal <digit[1]_GND_12_o_add_6_OUT> created at line 503.
    Found 4x4-bit Read Only RAM for signal <PWR_11_o_GND_12_o_mux_18_OUT>
    Found 8-bit 4-to-1 multiplexer for signal <score_1[3]_score_4[3]_mux_19_OUT> created at line 507.
    Summary:
	inferred   1 RAM(s).
	inferred   2 Adder/Subtractor(s).
	inferred  33 D-type flip-flop(s).
	inferred   1 Multiplexer(s).
Unit <seg_display> synthesized.

Synthesizing Unit <complete_row>.
    Related source file is "D:\xillinx\tetris\one.v".
    Found 5-bit register for signal <row>.
    Found 5-bit adder for signal <row[4]_GND_13_o_add_5_OUT> created at line 368.
    Found 5x4-bit multiplier for signal <n0011> created at line 360.
    Found 430-bit shifter logical right for signal <n0012> created at line 360
    Summary:
	inferred   1 Multiplier(s).
	inferred   1 Adder/Subtractor(s).
	inferred   5 D-type flip-flop(s).
	inferred   1 Combinational logic shifter(s).
Unit <complete_row> synthesized.

=========================================================================
HDL Synthesis Report

Macro Statistics
# RAMs                                                 : 1
 4x4-bit single-port Read Only RAM                     : 1
# Multipliers                                          : 12
 10x4-bit multiplier                                   : 1
 32x4-bit multiplier                                   : 1
 5x4-bit multiplier                                    : 4
 6x4-bit multiplier                                    : 6
# Adders/Subtractors                                   : 188
 10-bit adder                                          : 10
 11-bit adder                                          : 12
 12-bit subtractor                                     : 2
 14-bit adder                                          : 1
 17-bit adder                                          : 7
 18-bit adder                                          : 1
 2-bit adder                                           : 4
 3-bit adder                                           : 1
 32-bit adder                                          : 110
 33-bit adder                                          : 4
 34-bit adder                                          : 4
 35-bit adder                                          : 4
 36-bit adder                                          : 4
 37-bit adder                                          : 4
 4-bit adder                                           : 4
 4-bit addsub                                          : 2
 5-bit adder                                           : 5
 6-bit adder                                           : 8
 6-bit subtractor                                      : 1
# Registers                                            : 48
 1-bit register                                        : 18
 11-bit register                                       : 2
 17-bit register                                       : 7
 18-bit register                                       : 1
 2-bit register                                        : 3
 220-bit register                                      : 1
 3-bit register                                        : 4
 32-bit register                                       : 2
 4-bit register                                        : 6
 5-bit register                                        : 3
 8-bit register                                        : 1
# Comparators                                          : 86
 11-bit comparator greater                             : 5
 11-bit comparator lessequal                           : 5
 32-bit comparator lessequal                           : 57
 33-bit comparator lessequal                           : 2
 34-bit comparator lessequal                           : 2
 35-bit comparator lessequal                           : 2
 36-bit comparator lessequal                           : 2
 37-bit comparator lessequal                           : 2
 4-bit comparator greater                              : 1
 5-bit comparator greater                              : 1
 5-bit comparator lessequal                            : 1
 6-bit comparator greater                              : 1
 6-bit comparator lessequal                            : 1
 8-bit comparator equal                                : 4
# Multiplexers                                         : 3099
 1-bit 2-to-1 multiplexer                              : 1874
 1-bit 220-to-1 multiplexer                            : 9
 10-bit 2-to-1 multiplexer                             : 211
 2-bit 2-to-1 multiplexer                              : 9
 3-bit 2-to-1 multiplexer                              : 5
 3-bit 6-to-1 multiplexer                              : 4
 32-bit 2-to-1 multiplexer                             : 899
 4-bit 2-to-1 multiplexer                              : 11
 5-bit 2-to-1 multiplexer                              : 10
 6-bit 2-to-1 multiplexer                              : 1
 7-bit 2-to-1 multiplexer                              : 1
 8-bit 2-to-1 multiplexer                              : 35
 8-bit 3-to-1 multiplexer                              : 4
 8-bit 4-to-1 multiplexer                              : 17
 8-bit 8-to-1 multiplexer                              : 8
 9-bit 2-to-1 multiplexer                              : 1
# Logic shifters                                       : 2
 430-bit shifter logical right                         : 2

=========================================================================
INFO:Xst:1767 - HDL ADVISOR - Resource sharing has identified that some arithmetic operations in this design can share the same physical resources for reduced device utilization. For improved clock frequency you may try to disable resource sharing.

=========================================================================
*                       Advanced HDL Synthesis                          *
=========================================================================


Synthesizing (advanced) Unit <calc_cur_blk>.
	Multiplier <Mmult_n0130> in block <calc_cur_blk> and adder/subtractor <Madd_n0068_Madd> in block <calc_cur_blk> are combined into a MAC<Maddsub_n0130>.
	Multiplier <Mmult_BUS_0153_PWR_4_o_MuLt_261_OUT> in block <calc_cur_blk> and adder/subtractor <Madd_n0154_Madd> in block <calc_cur_blk> are combined into a MAC<Maddsub_BUS_0153_PWR_4_o_MuLt_261_OUT>.
	Multiplier <Mmult_BUS_0149_PWR_4_o_MuLt_255_OUT> in block <calc_cur_blk> and adder/subtractor <Madd_n0147_Madd> in block <calc_cur_blk> are combined into a MAC<Maddsub_BUS_0149_PWR_4_o_MuLt_255_OUT>.
	Multiplier <Mmult_pos_y[4]_PWR_4_o_MuLt_247_OUT> in block <calc_cur_blk> and adder/subtractor <Madd_n0133_Madd> in block <calc_cur_blk> are combined into a MAC<Maddsub_pos_y[4]_PWR_4_o_MuLt_247_OUT>.
	Adder/Subtractor <Madd_n0113> in block <calc_cur_blk> and  <Maddsub_n0130> in block <calc_cur_blk> are combined into a MAC with pre-adder <Maddsub_n01301>.
	Adder/Subtractor <Madd_n0124> in block <calc_cur_blk> and  <Maddsub_BUS_0153_PWR_4_o_MuLt_261_OUT> in block <calc_cur_blk> are combined into a MAC with pre-adder <Maddsub_BUS_0153_PWR_4_o_MuLt_261_OUT1>.
	Adder/Subtractor <Madd_n0121> in block <calc_cur_blk> and  <Maddsub_BUS_0149_PWR_4_o_MuLt_255_OUT> in block <calc_cur_blk> are combined into a MAC with pre-adder <Maddsub_BUS_0149_PWR_4_o_MuLt_255_OUT1>.
Unit <calc_cur_blk> synthesized (advanced).

Synthesizing (advanced) Unit <complete_row>.
The following registers are absorbed into counter <row>: 1 register on signal <row>.
Unit <complete_row> synthesized (advanced).

Synthesizing (advanced) Unit <debouncer>.
The following registers are absorbed into counter <counter>: 1 register on signal <counter>.
Unit <debouncer> synthesized (advanced).

Synthesizing (advanced) Unit <game_clock>.
The following registers are absorbed into counter <counter>: 1 register on signal <counter>.
Unit <game_clock> synthesized (advanced).

Synthesizing (advanced) Unit <randomizer>.
The following registers are absorbed into counter <random>: 1 register on signal <random>.
Unit <randomizer> synthesized (advanced).

Synthesizing (advanced) Unit <seg_display>.
The following registers are absorbed into counter <counter>: 1 register on signal <counter>.
The following registers are absorbed into counter <digit>: 1 register on signal <digit>.
INFO:Xst:3231 - The small RAM <Mram_PWR_11_o_GND_12_o_mux_18_OUT> will be implemented on LUTs in order to maximize performance and save block RAM resources. If you want to force its implementation on block, use option/constraint ram_style.
    -----------------------------------------------------------------------
    | ram_type           | Distributed                         |          |
    -----------------------------------------------------------------------
    | Port A                                                              |
    |     aspect ratio   | 4-word x 4-bit                      |          |
    |     weA            | connected to signal <GND>           | high     |
    |     addrA          | connected to signal <digit>         |          |
    |     diA            | connected to signal <GND>           |          |
    |     doA            | connected to internal node          |          |
    -----------------------------------------------------------------------
Unit <seg_display> synthesized (advanced).

Synthesizing (advanced) Unit <tetris>.
The following registers are absorbed into counter <clk_div_cnt>: 1 register on signal <clk_div_cnt>.
The following registers are absorbed into counter <score_4>: 1 register on signal <score_4>.
The following registers are absorbed into counter <cur_pos_y>: 1 register on signal <cur_pos_y>.
The following registers are absorbed into counter <score_1>: 1 register on signal <score_1>.
The following registers are absorbed into counter <score_2>: 1 register on signal <score_2>.
The following registers are absorbed into counter <score_3>: 1 register on signal <score_3>.
Unit <tetris> synthesized (advanced).

Synthesizing (advanced) Unit <vga_display>.
The following registers are absorbed into counter <counter_x>: 1 register on signal <counter_x>.
The following registers are absorbed into counter <counter_y>: 1 register on signal <counter_y>.
	Multiplier <Mmult_n0093> in block <vga_display> and adder/subtractor <Madd_n0073_Madd> in block <vga_display> are combined into a MAC<Maddsub_n0093>.
Unit <vga_display> synthesized (advanced).

=========================================================================
Advanced HDL Synthesis Report

Macro Statistics
# RAMs                                                 : 1
 4x4-bit single-port distributed Read Only RAM         : 1
# MACs                                                 : 9
 10x4-to-8-bit MAC                                     : 1
 4x6-to-8-bit MAC with pre-adder                       : 6
 5x4-to-8-bit MAC                                      : 2
# Multipliers                                          : 3
 32x4-bit multiplier                                   : 1
 5x4-bit multiplier                                    : 2
# Adders/Subtractors                                   : 89
 12-bit subtractor                                     : 2
 2-bit adder                                           : 2
 32-bit adder                                          : 1
 32-bit adder carry in                                 : 64
 4-bit addsub                                          : 2
 5-bit adder                                           : 3
 6-bit adder                                           : 2
 6-bit subtractor                                      : 1
 8-bit adder                                           : 12
# Counters                                             : 20
 11-bit up counter                                     : 2
 17-bit up counter                                     : 7
 18-bit up counter                                     : 1
 2-bit up counter                                      : 2
 3-bit up counter                                      : 1
 32-bit up counter                                     : 1
 4-bit up counter                                      : 4
 5-bit up counter                                      : 2
# Registers                                            : 302
 Flip-Flops                                            : 302
# Comparators                                          : 86
 11-bit comparator greater                             : 5
 11-bit comparator lessequal                           : 5
 32-bit comparator lessequal                           : 57
 33-bit comparator lessequal                           : 2
 34-bit comparator lessequal                           : 2
 35-bit comparator lessequal                           : 2
 36-bit comparator lessequal                           : 2
 37-bit comparator lessequal                           : 2
 4-bit comparator greater                              : 1
 5-bit comparator greater                              : 1
 5-bit comparator lessequal                            : 1
 6-bit comparator greater                              : 1
 6-bit comparator lessequal                            : 1
 8-bit comparator equal                                : 4
# Multiplexers                                         : 3098
 1-bit 2-to-1 multiplexer                              : 1874
 1-bit 220-to-1 multiplexer                            : 9
 10-bit 2-to-1 multiplexer                             : 211
 2-bit 2-to-1 multiplexer                              : 9
 3-bit 2-to-1 multiplexer                              : 5
 3-bit 6-to-1 multiplexer                              : 4
 32-bit 2-to-1 multiplexer                             : 899
 4-bit 2-to-1 multiplexer                              : 11
 5-bit 2-to-1 multiplexer                              : 9
 6-bit 2-to-1 multiplexer                              : 1
 7-bit 2-to-1 multiplexer                              : 1
 8-bit 2-to-1 multiplexer                              : 35
 8-bit 3-to-1 multiplexer                              : 4
 8-bit 4-to-1 multiplexer                              : 17
 8-bit 8-to-1 multiplexer                              : 8
 9-bit 2-to-1 multiplexer                              : 1
# Logic shifters                                       : 2
 430-bit shifter logical right                         : 2

=========================================================================

=========================================================================
*                         Low Level Synthesis                           *
=========================================================================

Optimizing unit <tetris> ...

Optimizing unit <vga_display> ...

Optimizing unit <seg_display> ...
WARNING:Xst:1710 - FF/Latch <seg_7> (without init value) has a constant value of 1 in block <seg_display>. This FF/Latch will be trimmed during the optimization process.
WARNING:Xst:1710 - FF/Latch <seg_7> (without init value) has a constant value of 1 in block <seg_display>. This FF/Latch will be trimmed during the optimization process.

Optimizing unit <calc_test_pos_rot> ...

Optimizing unit <calc_cur_blk> ...
WARNING:Xst:1293 - FF/Latch <display_/counter_x_10> has a constant value of 0 in block <tetris>. This FF/Latch will be trimmed during the optimization process.
WARNING:Xst:1293 - FF/Latch <display_/counter_y_10> has a constant value of 0 in block <tetris>. This FF/Latch will be trimmed during the optimization process.
WARNING:Xst:1293 - FF/Latch <drop_timer_31> has a constant value of 0 in block <tetris>. This FF/Latch will be trimmed during the optimization process.
WARNING:Xst:1293 - FF/Latch <drop_timer_30> has a constant value of 0 in block <tetris>. This FF/Latch will be trimmed during the optimization process.
WARNING:Xst:1293 - FF/Latch <drop_timer_29> has a constant value of 0 in block <tetris>. This FF/Latch will be trimmed during the optimization process.
WARNING:Xst:1293 - FF/Latch <drop_timer_28> has a constant value of 0 in block <tetris>. This FF/Latch will be trimmed during the optimization process.
WARNING:Xst:1293 - FF/Latch <drop_timer_27> has a constant value of 0 in block <tetris>. This FF/Latch will be trimmed during the optimization process.
WARNING:Xst:1293 - FF/Latch <drop_timer_26> has a constant value of 0 in block <tetris>. This FF/Latch will be trimmed during the optimization process.
WARNING:Xst:1293 - FF/Latch <drop_timer_25> has a constant value of 0 in block <tetris>. This FF/Latch will be trimmed during the optimization process.
WARNING:Xst:1293 - FF/Latch <drop_timer_24> has a constant value of 0 in block <tetris>. This FF/Latch will be trimmed during the optimization process.
WARNING:Xst:1293 - FF/Latch <drop_timer_23> has a constant value of 0 in block <tetris>. This FF/Latch will be trimmed during the optimization process.
WARNING:Xst:1293 - FF/Latch <drop_timer_22> has a constant value of 0 in block <tetris>. This FF/Latch will be trimmed during the optimization process.
WARNING:Xst:1293 - FF/Latch <drop_timer_21> has a constant value of 0 in block <tetris>. This FF/Latch will be trimmed during the optimization process.
WARNING:Xst:1293 - FF/Latch <drop_timer_20> has a constant value of 0 in block <tetris>. This FF/Latch will be trimmed during the optimization process.
WARNING:Xst:1293 - FF/Latch <drop_timer_19> has a constant value of 0 in block <tetris>. This FF/Latch will be trimmed during the optimization process.
WARNING:Xst:1293 - FF/Latch <drop_timer_18> has a constant value of 0 in block <tetris>. This FF/Latch will be trimmed during the optimization process.
WARNING:Xst:1293 - FF/Latch <drop_timer_17> has a constant value of 0 in block <tetris>. This FF/Latch will be trimmed during the optimization process.
WARNING:Xst:1293 - FF/Latch <drop_timer_16> has a constant value of 0 in block <tetris>. This FF/Latch will be trimmed during the optimization process.
WARNING:Xst:1293 - FF/Latch <drop_timer_15> has a constant value of 0 in block <tetris>. This FF/Latch will be trimmed during the optimization process.
WARNING:Xst:1293 - FF/Latch <drop_timer_14> has a constant value of 0 in block <tetris>. This FF/Latch will be trimmed during the optimization process.
WARNING:Xst:1710 - FF/Latch <old_mode_2> (without init value) has a constant value of 0 in block <tetris>. This FF/Latch will be trimmed during the optimization process.
WARNING:Xst:1710 - FF/Latch <old_mode_1> (without init value) has a constant value of 0 in block <tetris>. This FF/Latch will be trimmed during the optimization process.
WARNING:Xst:1710 - FF/Latch <old_mode_0> (without init value) has a constant value of 0 in block <tetris>. This FF/Latch will be trimmed during the optimization process.
INFO:Xst:2261 - The FF/Latch <debouncer_sw_rst_/counter_0> in Unit <tetris> is equivalent to the following 7 FFs/Latches, which will be removed : <debouncer_btn_down_/counter_0> <debouncer_sw_pause_/counter_0> <debouncer_btn_rotate_/counter_0> <debouncer_btn_right_/counter_0> <debouncer_btn_left_/counter_0> <debouncer_btn_drop_/counter_0> <score_display_/counter_0> 
INFO:Xst:2261 - The FF/Latch <debouncer_sw_rst_/counter_1> in Unit <tetris> is equivalent to the following 7 FFs/Latches, which will be removed : <debouncer_btn_down_/counter_1> <debouncer_sw_pause_/counter_1> <debouncer_btn_rotate_/counter_1> <debouncer_btn_right_/counter_1> <debouncer_btn_left_/counter_1> <debouncer_btn_drop_/counter_1> <score_display_/counter_1> 
INFO:Xst:2261 - The FF/Latch <debouncer_sw_rst_/counter_2> in Unit <tetris> is equivalent to the following 7 FFs/Latches, which will be removed : <debouncer_btn_down_/counter_2> <debouncer_sw_pause_/counter_2> <debouncer_btn_rotate_/counter_2> <debouncer_btn_right_/counter_2> <debouncer_btn_left_/counter_2> <debouncer_btn_drop_/counter_2> <score_display_/counter_2> 
INFO:Xst:2261 - The FF/Latch <debouncer_sw_rst_/counter_3> in Unit <tetris> is equivalent to the following 6 FFs/Latches, which will be removed : <debouncer_btn_down_/counter_3> <debouncer_sw_pause_/counter_3> <debouncer_btn_rotate_/counter_3> <debouncer_btn_right_/counter_3> <debouncer_btn_left_/counter_3> <debouncer_btn_drop_/counter_3> 
INFO:Xst:2261 - The FF/Latch <debouncer_sw_rst_/counter_4> in Unit <tetris> is equivalent to the following 6 FFs/Latches, which will be removed : <debouncer_btn_down_/counter_4> <debouncer_sw_pause_/counter_4> <debouncer_btn_rotate_/counter_4> <debouncer_btn_right_/counter_4> <debouncer_btn_left_/counter_4> <debouncer_btn_drop_/counter_4> 
INFO:Xst:2261 - The FF/Latch <debouncer_sw_rst_/counter_5> in Unit <tetris> is equivalent to the following 6 FFs/Latches, which will be removed : <debouncer_btn_down_/counter_5> <debouncer_sw_pause_/counter_5> <debouncer_btn_rotate_/counter_5> <debouncer_btn_right_/counter_5> <debouncer_btn_left_/counter_5> <debouncer_btn_drop_/counter_5> 
INFO:Xst:2261 - The FF/Latch <debouncer_sw_rst_/counter_6> in Unit <tetris> is equivalent to the following 6 FFs/Latches, which will be removed : <debouncer_btn_down_/counter_6> <debouncer_sw_pause_/counter_6> <debouncer_btn_rotate_/counter_6> <debouncer_btn_right_/counter_6> <debouncer_btn_left_/counter_6> <debouncer_btn_drop_/counter_6> 
INFO:Xst:2261 - The FF/Latch <debouncer_sw_rst_/counter_7> in Unit <tetris> is equivalent to the following 6 FFs/Latches, which will be removed : <debouncer_btn_down_/counter_7> <debouncer_sw_pause_/counter_7> <debouncer_btn_rotate_/counter_7> <debouncer_btn_right_/counter_7> <debouncer_btn_left_/counter_7> <debouncer_btn_drop_/counter_7> 
INFO:Xst:2261 - The FF/Latch <debouncer_sw_rst_/counter_8> in Unit <tetris> is equivalent to the following 6 FFs/Latches, which will be removed : <debouncer_btn_down_/counter_8> <debouncer_sw_pause_/counter_8> <debouncer_btn_rotate_/counter_8> <debouncer_btn_right_/counter_8> <debouncer_btn_left_/counter_8> <debouncer_btn_drop_/counter_8> 
INFO:Xst:2261 - The FF/Latch <debouncer_sw_rst_/counter_9> in Unit <tetris> is equivalent to the following 6 FFs/Latches, which will be removed : <debouncer_btn_down_/counter_9> <debouncer_sw_pause_/counter_9> <debouncer_btn_rotate_/counter_9> <debouncer_btn_right_/counter_9> <debouncer_btn_left_/counter_9> <debouncer_btn_drop_/counter_9> 
INFO:Xst:2261 - The FF/Latch <debouncer_sw_rst_/counter_10> in Unit <tetris> is equivalent to the following 6 FFs/Latches, which will be removed : <debouncer_btn_down_/counter_10> <debouncer_sw_pause_/counter_10> <debouncer_btn_rotate_/counter_10> <debouncer_btn_right_/counter_10> <debouncer_btn_left_/counter_10> <debouncer_btn_drop_/counter_10> 
INFO:Xst:2261 - The FF/Latch <debouncer_sw_rst_/counter_11> in Unit <tetris> is equivalent to the following 6 FFs/Latches, which will be removed : <debouncer_btn_down_/counter_11> <debouncer_sw_pause_/counter_11> <debouncer_btn_rotate_/counter_11> <debouncer_btn_right_/counter_11> <debouncer_btn_left_/counter_11> <debouncer_btn_drop_/counter_11> 
INFO:Xst:2261 - The FF/Latch <debouncer_sw_rst_/counter_12> in Unit <tetris> is equivalent to the following 6 FFs/Latches, which will be removed : <debouncer_btn_down_/counter_12> <debouncer_sw_pause_/counter_12> <debouncer_btn_rotate_/counter_12> <debouncer_btn_right_/counter_12> <debouncer_btn_left_/counter_12> <debouncer_btn_drop_/counter_12> 
INFO:Xst:2261 - The FF/Latch <debouncer_sw_rst_/counter_13> in Unit <tetris> is equivalent to the following 6 FFs/Latches, which will be removed : <debouncer_btn_down_/counter_13> <debouncer_sw_pause_/counter_13> <debouncer_btn_rotate_/counter_13> <debouncer_btn_right_/counter_13> <debouncer_btn_left_/counter_13> <debouncer_btn_drop_/counter_13> 
INFO:Xst:2261 - The FF/Latch <debouncer_sw_rst_/counter_14> in Unit <tetris> is equivalent to the following 6 FFs/Latches, which will be removed : <debouncer_btn_down_/counter_14> <debouncer_sw_pause_/counter_14> <debouncer_btn_rotate_/counter_14> <debouncer_btn_right_/counter_14> <debouncer_btn_left_/counter_14> <debouncer_btn_drop_/counter_14> 
INFO:Xst:2261 - The FF/Latch <debouncer_sw_rst_/counter_15> in Unit <tetris> is equivalent to the following 6 FFs/Latches, which will be removed : <debouncer_btn_down_/counter_15> <debouncer_sw_pause_/counter_15> <debouncer_btn_rotate_/counter_15> <debouncer_btn_right_/counter_15> <debouncer_btn_left_/counter_15> <debouncer_btn_drop_/counter_15> 
INFO:Xst:2261 - The FF/Latch <debouncer_sw_rst_/counter_16> in Unit <tetris> is equivalent to the following 6 FFs/Latches, which will be removed : <debouncer_btn_down_/counter_16> <debouncer_sw_pause_/counter_16> <debouncer_btn_rotate_/counter_16> <debouncer_btn_right_/counter_16> <debouncer_btn_left_/counter_16> <debouncer_btn_drop_/counter_16> 

Mapping all equations...
Building and optimizing final netlist ...
Found area constraint ratio of 100 (+ 5) on block tetris, actual ratio is 77.
FlipFlop cur_pos_y_0 has been replicated 1 time(s)
FlipFlop cur_pos_y_1 has been replicated 1 time(s)
FlipFlop cur_pos_y_2 has been replicated 1 time(s)
FlipFlop cur_pos_y_4 has been replicated 1 time(s)
FlipFlop game_clock_/game_clk has been replicated 1 time(s)
FlipFlop mode_0 has been replicated 1 time(s)
FlipFlop mode_1 has been replicated 1 time(s)
FlipFlop mode_2 has been replicated 1 time(s)

Final Macro Processing ...

=========================================================================
Final Register Report

Macro Statistics
# Registers                                            : 405
 Flip-Flops                                            : 405

=========================================================================

=========================================================================
*                           Partition Report                            *
=========================================================================

Partition Implementation Status
-------------------------------

  No Partitions were found in this design.

-------------------------------

=========================================================================
*                            Design Summary                             *
=========================================================================

Top Level Output File Name         : tetris.ngc

Primitive and Black Box Usage:
------------------------------
# BELS                             : 7778
#      GND                         : 1
#      INV                         : 17
#      LUT1                        : 95
#      LUT2                        : 85
#      LUT3                        : 866
#      LUT4                        : 278
#      LUT5                        : 1447
#      LUT6                        : 2812
#      MUXCY                       : 905
#      MUXF7                       : 308
#      MUXF8                       : 117
#      VCC                         : 1
#      XORCY                       : 846
# FlipFlops/Latches                : 405
#      FD                          : 36
#      FDE                         : 12
#      FDR                         : 269
#      FDRE                        : 87
#      FDS                         : 1
# Clock Buffers                    : 2
#      BUFG                        : 1
#      BUFGP                       : 1
# IO Buffers                       : 29
#      IBUF                        : 7
#      OBUF                        : 22
# DSPs                             : 13
#      DSP48A1                     : 13

Device utilization summary:
---------------------------

Selected Device : 6slx16csg324-3 


Slice Logic Utilization: 
 Number of Slice Registers:             405  out of  18224     2%  
 Number of Slice LUTs:                 5600  out of   9112    61%  
    Number used as Logic:              5600  out of   9112    61%  

Slice Logic Distribution: 
 Number of LUT Flip Flop pairs used:   5620
   Number with an unused Flip Flop:    5215  out of   5620    92%  
   Number with an unused LUT:            20  out of   5620     0%  
   Number of fully used LUT-FF pairs:   385  out of   5620     6%  
   Number of unique control sets:        23

IO Utilization: 
 Number of IOs:                          30
 Number of bonded IOBs:                  30  out of    232    12%  

Specific Feature Utilization:
 Number of BUFG/BUFGCTRL/BUFHCEs:         2  out of     16    12%  
 Number of DSP48A1s:                     13  out of     32    40%  

---------------------------
Partition Resource Summary:
---------------------------

  No Partitions were found in this design.

---------------------------


=========================================================================
Timing Report

NOTE: THESE TIMING NUMBERS ARE ONLY A SYNTHESIS ESTIMATE.
      FOR ACCURATE TIMING INFORMATION PLEASE REFER TO THE TRACE REPORT
      GENERATED AFTER PLACE-and-ROUTE.

Clock Information:
------------------
-----------------------------------+----------------------------------------+-------+
Clock Signal                       | Clock buffer(FF name)                  | Load  |
-----------------------------------+----------------------------------------+-------+
clk_too_fast                       | BUFGP                                  | 3     |
clk                                | BUFG                                   | 389   |
score_display_/seg_clk             | NONE(score_display_/digit_1)           | 13    |
Mcompar__n4102_lutdi2              | NONE(calc_test_block_/Madd_n0081_Madd1)| 6     |
-----------------------------------+----------------------------------------+-------+
INFO:Xst:2169 - HDL ADVISOR - Some clock signals were not automatically buffered by XST with BUFG/BUFR resources. Please use the buffer_type constraint in order to insert these buffers to the clock signals to help prevent skew problems.

Asynchronous Control Signals Information:
----------------------------------------
No asynchronous control signals found in this design

Timing Summary:
---------------
Speed Grade: -3

   Minimum period: 24.003ns (Maximum Frequency: 41.662MHz)
   Minimum input arrival time before clock: 1.903ns
   Maximum output required time after clock: 100.414ns
   Maximum combinational path delay: No path found

Timing Details:
---------------
All values displayed in nanoseconds (ns)

=========================================================================
Timing constraint: Default period analysis for Clock 'clk_too_fast'
  Clock period: 1.950ns (frequency: 512.794MHz)
  Total number of paths / destination ports: 4 / 3
-------------------------------------------------------------------------
Delay:               1.950ns (Levels of Logic = 1)
  Source:            clk_div_cnt_0 (FF)
  Destination:       clk_div_cnt_0 (FF)
  Source Clock:      clk_too_fast rising
  Destination Clock: clk_too_fast rising

  Data Path: clk_div_cnt_0 to clk_div_cnt_0
                                Gate     Net
    Cell:in->out      fanout   Delay   Delay  Logical Name (Net Name)
    ----------------------------------------  ------------
     FD:C->Q               2   0.447   0.616  clk_div_cnt_0 (clk_div_cnt_0)
     INV:I->O              1   0.206   0.579  Mcount_clk_div_cnt_xor<0>11_INV_0 (Result<0>)
     FD:D                      0.102          clk_div_cnt_0
    ----------------------------------------
    Total                      1.950ns (0.755ns logic, 1.195ns route)
                                       (38.7% logic, 61.3% route)

=========================================================================
Timing constraint: Default period analysis for Clock 'clk'
  Clock period: 24.003ns (frequency: 41.662MHz)
  Total number of paths / destination ports: 31747878152 / 838
-------------------------------------------------------------------------
Delay:               24.003ns (Levels of Logic = 17)
  Source:            debouncer_btn_rotate_/debounced_prev (FF)
  Destination:       fallen_pieces_2 (FF)
  Source Clock:      clk rising
  Destination Clock: clk rising

  Data Path: debouncer_btn_rotate_/debounced_prev to fallen_pieces_2
                                Gate     Net
    Cell:in->out      fanout   Delay   Delay  Logical Name (Net Name)
    ----------------------------------------  ------------
     FD:C->Q              11   0.447   0.987  debouncer_btn_rotate_/debounced_prev (debouncer_btn_rotate_/debounced_prev)
     LUT2:I0->O           11   0.203   1.130  debouncer_btn_rotate_/enabled1 (btn_rotate_en)
     LUT6:I2->O           12   0.203   1.013  calc_test_pos_rot_/test_pos_y<0>22 (calc_test_pos_rot_/test_pos_y<0>2)
     LUT3:I1->O            9   0.203   0.829  calc_test_pos_rot_/test_pos_y<0>3 (test_pos_y<0>)
     DSP48A1:D0->PCOUT47    1   6.305   0.000  calc_test_block_/Maddsub_BUS_0149_PWR_4_o_MuLt_255_OUT1 (calc_test_block_/Maddsub_BUS_0149_PWR_4_o_MuLt_255_OUT1_PCOUT_to_Madd_n0102_Madd1_PCIN_47)
     DSP48A1:PCIN47->P1    4   2.264   0.684  calc_test_block_/Madd_n0102_Madd1 (calc_test_block_/n0102<1>)
     LUT5:I4->O            1   0.205   0.808  calc_test_block_/Mmux_blk_322 (calc_test_block_/Mmux_blk_321)
     LUT6:I3->O            5   0.205   0.715  calc_test_block_/Mmux_blk_324 (calc_test_block_/Mmux_blk_324)
     LUT6:I5->O            4   0.205   0.788  calc_test_block_/Mmux_blk_328_2 (calc_test_block_/Mmux_blk_3281)
     LUT6:I4->O            1   0.203   0.000  Mmux_test_blk_3[7]_X_1_o_Mux_9_o_148 (Mmux_test_blk_3[7]_X_1_o_Mux_9_o_148)
     MUXF7:I1->O           1   0.140   0.000  Mmux_test_blk_3[7]_X_1_o_Mux_9_o_13_f7_3 (Mmux_test_blk_3[7]_X_1_o_Mux_9_o_13_f74)
     MUXF8:I1->O           1   0.152   0.684  Mmux_test_blk_3[7]_X_1_o_Mux_9_o_12_f8_0 (Mmux_test_blk_3[7]_X_1_o_Mux_9_o_12_f81)
     LUT3:I1->O            4   0.203   0.684  test_intersects33 (test_intersects33)
     LUT5:I4->O           13   0.205   0.932  test_intersects34 (test_intersects34)
     MUXF7:S->O            7   0.148   0.774  test_intersects35_SW1 (N163)
     LUT6:I5->O           11   0.205   1.111  _n4211<0>1_SW2 (N105)
     LUT6:I3->O           10   0.205   0.857  _n4231_inv1_10 (_n4231_inv19)
     LUT5:I4->O            1   0.205   0.000  fallen_pieces_208_rstpot (fallen_pieces_208_rstpot)
     FDR:D                     0.102          fallen_pieces_208
    ----------------------------------------
    Total                     24.003ns (12.008ns logic, 11.995ns route)
                                       (50.0% logic, 50.0% route)

=========================================================================
Timing constraint: Default period analysis for Clock 'score_display_/seg_clk'
  Clock period: 3.400ns (frequency: 294.161MHz)
  Total number of paths / destination ports: 36 / 13
-------------------------------------------------------------------------
Delay:               3.400ns (Levels of Logic = 3)
  Source:            score_display_/digit_0 (FF)
  Destination:       score_display_/seg_3 (FF)
  Source Clock:      score_display_/seg_clk rising
  Destination Clock: score_display_/seg_clk rising

  Data Path: score_display_/digit_0 to score_display_/seg_3
                                Gate     Net
    Cell:in->out      fanout   Delay   Delay  Logical Name (Net Name)
    ----------------------------------------  ------------
     FD:C->Q              20   0.447   1.457  score_display_/digit_0 (score_display_/digit_0)
     LUT6:I0->O            1   0.203   0.000  score_display_/Mmux_score_1[3]_score_4[3]_mux_19_OUT15_G (N812)
     MUXF7:I1->O           2   0.140   0.845  score_display_/Mmux_score_1[3]_score_4[3]_mux_19_OUT15 (score_display_/score_1[3]_score_4[3]_mux_19_OUT<0>)
     LUT3:I0->O            1   0.205   0.000  score_display_/Mmux_score_1[3]_score_4[3]_mux_19_OUT45 (score_display_/score_1[3]_score_4[3]_mux_19_OUT<3>)
     FD:D                      0.102          score_display_/seg_3
    ----------------------------------------
    Total                      3.400ns (1.097ns logic, 2.303ns route)
                                       (32.3% logic, 67.7% route)

=========================================================================
Timing constraint: Default OFFSET IN BEFORE for Clock 'clk'
  Total number of paths / destination ports: 7 / 7
-------------------------------------------------------------------------
Offset:              1.903ns (Levels of Logic = 1)
  Source:            sw_rst (PAD)
  Destination:       debouncer_sw_rst_/debounced (FF)
  Destination Clock: clk rising

  Data Path: sw_rst to debouncer_sw_rst_/debounced
                                Gate     Net
    Cell:in->out      fanout   Delay   Delay  Logical Name (Net Name)
    ----------------------------------------  ------------
     IBUF:I->O             1   1.222   0.579  sw_rst_IBUF (sw_rst_IBUF)
     FDE:D                     0.102          debouncer_sw_rst_/debounced
    ----------------------------------------
    Total                      1.903ns (1.324ns logic, 0.579ns route)
                                       (69.6% logic, 30.4% route)

=========================================================================
Timing constraint: Default OFFSET OUT AFTER for Clock 'clk'
  Total number of paths / destination ports: 1997521906234500800000000000000000 / 10
-------------------------------------------------------------------------
Offset:              100.414ns (Levels of Logic = 117)
  Source:            display_/counter_y_3 (FF)
  Destination:       rgb<1> (PAD)
  Source Clock:      clk rising

  Data Path: display_/counter_y_3 to rgb<1>
                                Gate     Net
    Cell:in->out      fanout   Delay   Delay  Logical Name (Net Name)
    ----------------------------------------  ------------
     FDRE:C->Q            18   0.447   1.154  display_/counter_y_3 (display_/counter_y_3)
     LUT2:I0->O            4   0.203   0.684  display_/Msub_GND_7_o_GND_7_o_sub_11_OUT_cy<3>11 (display_/Msub_GND_7_o_GND_7_o_sub_11_OUT_cy<3>)
     LUT6:I5->O           85   0.205   1.779  display_/Msub_GND_7_o_GND_7_o_sub_11_OUT_cy<8>11 (display_/Msub_GND_7_o_GND_7_o_sub_11_OUT_cy<8>)
     LUT2:I1->O            1   0.205   0.000  display_/GND_7_o_PWR_5_o_div_11/Madd_a[31]_GND_8_o_add_13_OUT_Madd_cy<29>111 (display_/GND_7_o_PWR_5_o_div_11/Madd_a[31]_GND_8_o_add_13_OUT_Madd_cy<29>110)
     MUXCY:S->O            1   0.172   0.000  display_/GND_7_o_PWR_5_o_div_11/Madd_a[31]_GND_8_o_add_29_OUT_Madd_cy<20> (display_/GND_7_o_PWR_5_o_div_11/Madd_a[31]_GND_8_o_add_29_OUT_Madd_cy<20>)
     MUXCY:CI->O           1   0.019   0.000  display_/GND_7_o_PWR_5_o_div_11/Madd_a[31]_GND_8_o_add_29_OUT_Madd_cy<21> (display_/GND_7_o_PWR_5_o_div_11/Madd_a[31]_GND_8_o_add_29_OUT_Madd_cy<21>)
     MUXCY:CI->O           1   0.019   0.000  display_/GND_7_o_PWR_5_o_div_11/Madd_a[31]_GND_8_o_add_29_OUT_Madd_cy<22> (display_/GND_7_o_PWR_5_o_div_11/Madd_a[31]_GND_8_o_add_29_OUT_Madd_cy<22>)
     MUXCY:CI->O           1   0.019   0.000  display_/GND_7_o_PWR_5_o_div_11/Madd_a[31]_GND_8_o_add_29_OUT_Madd_cy<23> (display_/GND_7_o_PWR_5_o_div_11/Madd_a[31]_GND_8_o_add_29_OUT_Madd_cy<23>)
     MUXCY:CI->O           1   0.019   0.000  display_/GND_7_o_PWR_5_o_div_11/Madd_a[31]_GND_8_o_add_29_OUT_Madd_cy<24> (display_/GND_7_o_PWR_5_o_div_11/Madd_a[31]_GND_8_o_add_29_OUT_Madd_cy<24>)
     MUXCY:CI->O           1   0.019   0.000  display_/GND_7_o_PWR_5_o_div_11/Madd_a[31]_GND_8_o_add_29_OUT_Madd_cy<25> (display_/GND_7_o_PWR_5_o_div_11/Madd_a[31]_GND_8_o_add_29_OUT_Madd_cy<25>)
     XORCY:CI->O           6   0.180   0.973  display_/GND_7_o_PWR_5_o_div_11/Madd_a[31]_GND_8_o_add_29_OUT_Madd_xor<26> (display_/GND_7_o_PWR_5_o_div_11/a[31]_GND_8_o_add_29_OUT<26>)
     LUT3:I0->O            1   0.205   0.580  display_/GND_7_o_PWR_5_o_div_11/Mmux_a[0]_a[31]_MUX_752_o1181 (display_/GND_7_o_PWR_5_o_div_11/a[26]_a[31]_MUX_726_o)
     LUT6:I5->O            1   0.205   0.580  display_/GND_7_o_PWR_5_o_div_11/o<17>23_SW1 (N775)
     LUT6:I5->O           52   0.205   1.905  display_/GND_7_o_PWR_5_o_div_11/o<17>23 (display_/GND_7_o_PWR_5_o_div_11/o<17>)
     LUT5:I0->O            3   0.203   0.879  display_/GND_7_o_PWR_5_o_div_11/Mmux_a[0]_a[31]_MUX_784_o1211 (display_/GND_7_o_PWR_5_o_div_11/a[29]_a[31]_MUX_755_o)
     LUT6:I3->O            1   0.205   0.580  display_/GND_7_o_PWR_5_o_div_11/o<16>22 (display_/GND_7_o_PWR_5_o_div_11/o<16>21)
     LUT6:I5->O            1   0.205   0.808  display_/GND_7_o_PWR_5_o_div_11/o<16>24_SW0 (N687)
     LUT3:I0->O            1   0.205   0.684  display_/GND_7_o_PWR_5_o_div_11/o<16>24_SW1 (N785)
     LUT6:I4->O           51   0.203   1.899  display_/GND_7_o_PWR_5_o_div_11/o<16>24 (display_/GND_7_o_PWR_5_o_div_11/o<16>)
     LUT5:I0->O            5   0.203   1.079  display_/GND_7_o_PWR_5_o_div_11/Mmux_a[0]_a[31]_MUX_816_o1231 (display_/GND_7_o_PWR_5_o_div_11/a[30]_a[31]_MUX_786_o)
     LUT6:I0->O            3   0.203   0.755  display_/GND_7_o_PWR_5_o_div_11/o<15>22 (display_/GND_7_o_PWR_5_o_div_11/o<15>21)
     LUT6:I4->O           36   0.203   1.693  display_/GND_7_o_PWR_5_o_div_11/o<15>23 (display_/GND_7_o_PWR_5_o_div_11/o<15>)
     LUT5:I0->O            3   0.203   1.015  display_/GND_7_o_PWR_5_o_div_11/Mmux_a[0]_a[31]_MUX_848_o1171 (display_/GND_7_o_PWR_5_o_div_11/a[25]_a[31]_MUX_823_o)
     LUT6:I0->O            1   0.203   0.580  display_/GND_7_o_PWR_5_o_div_11/o<14>21 (display_/GND_7_o_PWR_5_o_div_11/o<14>2)
     LUT6:I5->O            1   0.205   0.580  display_/GND_7_o_PWR_5_o_div_11/o<14>24_SW0 (N685)
     LUT6:I5->O           33   0.205   1.534  display_/GND_7_o_PWR_5_o_div_11/o<14>24 (display_/GND_7_o_PWR_5_o_div_11/o<14>)
     LUT3:I0->O            3   0.205   1.015  display_/GND_7_o_PWR_5_o_div_11/Mmux_a[0]_a[31]_MUX_880_o1141 (display_/GND_7_o_PWR_5_o_div_11/a[22]_a[31]_MUX_858_o)
     LUT6:I0->O           34   0.203   1.568  display_/GND_7_o_PWR_5_o_div_11/o<13>21 (display_/GND_7_o_PWR_5_o_div_11/o<13>2)
     LUT5:I1->O            5   0.203   1.059  display_/GND_7_o_PWR_5_o_div_11/Mmux_a[0]_a[31]_MUX_912_o1121 (display_/GND_7_o_PWR_5_o_div_11/a[20]_a[31]_MUX_892_o)
     LUT5:I0->O            1   0.203   0.808  display_/GND_7_o_PWR_5_o_div_11/o<12>21 (display_/GND_7_o_PWR_5_o_div_11/o<12>2)
     LUT5:I2->O           65   0.205   1.875  display_/GND_7_o_PWR_5_o_div_11/o<12>24 (display_/GND_7_o_PWR_5_o_div_11/o<12>)
     LUT3:I0->O            1   0.205   0.944  display_/GND_7_o_PWR_5_o_div_11/Mmux_a[0]_a[31]_MUX_944_o1121 (display_/GND_7_o_PWR_5_o_div_11/a[20]_a[31]_MUX_924_o)
     LUT6:I0->O            1   0.203   0.808  display_/GND_7_o_PWR_5_o_div_11/o<11>31 (display_/GND_7_o_PWR_5_o_div_11/o<11>3)
     LUT6:I3->O           47   0.205   1.849  display_/GND_7_o_PWR_5_o_div_11/o<11>34 (display_/GND_7_o_PWR_5_o_div_11/o<11>)
     LUT5:I0->O            5   0.203   1.059  display_/GND_7_o_PWR_5_o_div_11/Mmux_a[0]_a[31]_MUX_976_o191 (display_/GND_7_o_PWR_5_o_div_11/a[18]_a[31]_MUX_958_o)
     LUT5:I0->O            1   0.203   0.684  display_/GND_7_o_PWR_5_o_div_11/o<10>31 (display_/GND_7_o_PWR_5_o_div_11/o<10>3)
     LUT6:I4->O            1   0.203   0.580  display_/GND_7_o_PWR_5_o_div_11/o<10>35_SW0 (N683)
     LUT6:I5->O           77   0.205   2.090  display_/GND_7_o_PWR_5_o_div_11/o<10>35 (display_/GND_7_o_PWR_5_o_div_11/o<10>)
     LUT6:I0->O            4   0.203   1.028  display_/GND_7_o_PWR_5_o_div_11/Mmux_a[0]_a[31]_MUX_1008_o141 (display_/GND_7_o_PWR_5_o_div_11/a[13]_a[31]_MUX_995_o)
     LUT5:I0->O            1   0.203   0.000  display_/GND_7_o_PWR_5_o_div_11/Mcompar_o<9>_lut<0> (display_/GND_7_o_PWR_5_o_div_11/Mcompar_o<9>_lut<0>)
     MUXCY:S->O            1   0.172   0.000  display_/GND_7_o_PWR_5_o_div_11/Mcompar_o<9>_cy<0> (display_/GND_7_o_PWR_5_o_div_11/Mcompar_o<9>_cy<0>)
     MUXCY:CI->O           1   0.019   0.000  display_/GND_7_o_PWR_5_o_div_11/Mcompar_o<9>_cy<1> (display_/GND_7_o_PWR_5_o_div_11/Mcompar_o<9>_cy<1>)
     MUXCY:CI->O           1   0.019   0.000  display_/GND_7_o_PWR_5_o_div_11/Mcompar_o<9>_cy<2> (display_/GND_7_o_PWR_5_o_div_11/Mcompar_o<9>_cy<2>)
     MUXCY:CI->O           1   0.019   0.000  display_/GND_7_o_PWR_5_o_div_11/Mcompar_o<9>_cy<3> (display_/GND_7_o_PWR_5_o_div_11/Mcompar_o<9>_cy<3>)
     MUXCY:CI->O          45   0.213   1.841  display_/GND_7_o_PWR_5_o_div_11/Mcompar_o<9>_cy<4> (display_/n0071<9>)
     LUT6:I0->O            4   0.203   1.028  display_/GND_7_o_PWR_5_o_div_11/Mmux_a[0]_a[31]_MUX_1040_o131 (display_/GND_7_o_PWR_5_o_div_11/a[12]_a[31]_MUX_1028_o)
     LUT5:I0->O            1   0.203   0.000  display_/GND_7_o_PWR_5_o_div_11/Mcompar_o<8>_lut<0> (display_/GND_7_o_PWR_5_o_div_11/Mcompar_o<8>_lut<0>)
     MUXCY:S->O            1   0.172   0.000  display_/GND_7_o_PWR_5_o_div_11/Mcompar_o<8>_cy<0> (display_/GND_7_o_PWR_5_o_div_11/Mcompar_o<8>_cy<0>)
     MUXCY:CI->O           1   0.019   0.000  display_/GND_7_o_PWR_5_o_div_11/Mcompar_o<8>_cy<1> (display_/GND_7_o_PWR_5_o_div_11/Mcompar_o<8>_cy<1>)
     MUXCY:CI->O           1   0.019   0.000  display_/GND_7_o_PWR_5_o_div_11/Mcompar_o<8>_cy<2> (display_/GND_7_o_PWR_5_o_div_11/Mcompar_o<8>_cy<2>)
     MUXCY:CI->O          43   0.213   1.449  display_/GND_7_o_PWR_5_o_div_11/Mcompar_o<8>_cy<3> (display_/GND_7_o_PWR_5_o_div_11/Mcompar_o<8>_cy<3>)
     LUT3:I2->O            5   0.205   1.079  display_/GND_7_o_PWR_5_o_div_11/Mcompar_o<8>_cy<4> (display_/n0071<8>)
     LUT6:I0->O            4   0.203   1.028  display_/GND_7_o_PWR_5_o_div_11/Mmux_a[0]_a[31]_MUX_1072_o121 (display_/GND_7_o_PWR_5_o_div_11/a[11]_a[31]_MUX_1061_o)
     LUT5:I0->O            1   0.203   0.000  display_/GND_7_o_PWR_5_o_div_11/Mcompar_o<7>_lut<0> (display_/GND_7_o_PWR_5_o_div_11/Mcompar_o<7>_lut<0>)
     MUXCY:S->O            1   0.172   0.000  display_/GND_7_o_PWR_5_o_div_11/Mcompar_o<7>_cy<0> (display_/GND_7_o_PWR_5_o_div_11/Mcompar_o<7>_cy<0>)
     MUXCY:CI->O           1   0.019   0.000  display_/GND_7_o_PWR_5_o_div_11/Mcompar_o<7>_cy<1> (display_/GND_7_o_PWR_5_o_div_11/Mcompar_o<7>_cy<1>)
     MUXCY:CI->O           1   0.019   0.000  display_/GND_7_o_PWR_5_o_div_11/Mcompar_o<7>_cy<2> (display_/GND_7_o_PWR_5_o_div_11/Mcompar_o<7>_cy<2>)
     MUXCY:CI->O          45   0.213   1.477  display_/GND_7_o_PWR_5_o_div_11/Mcompar_o<7>_cy<3> (display_/GND_7_o_PWR_5_o_div_11/Mcompar_o<7>_cy<3>)
     LUT4:I3->O            5   0.205   1.079  display_/GND_7_o_PWR_5_o_div_11/Mcompar_o<7>_cy<4> (display_/n0071<7>)
     LUT6:I0->O            6   0.203   1.089  display_/GND_7_o_PWR_5_o_div_11/Mmux_a[0]_a[31]_MUX_1104_o111 (display_/GND_7_o_PWR_5_o_div_11/a[10]_a[31]_MUX_1094_o)
     LUT5:I0->O            1   0.203   0.000  display_/GND_7_o_PWR_5_o_div_11/Mcompar_o<6>_lut<0> (display_/GND_7_o_PWR_5_o_div_11/Mcompar_o<6>_lut<0>)
     MUXCY:S->O            1   0.172   0.000  display_/GND_7_o_PWR_5_o_div_11/Mcompar_o<6>_cy<0> (display_/GND_7_o_PWR_5_o_div_11/Mcompar_o<6>_cy<0>)
     MUXCY:CI->O           1   0.019   0.000  display_/GND_7_o_PWR_5_o_div_11/Mcompar_o<6>_cy<1> (display_/GND_7_o_PWR_5_o_div_11/Mcompar_o<6>_cy<1>)
     MUXCY:CI->O           1   0.019   0.000  display_/GND_7_o_PWR_5_o_div_11/Mcompar_o<6>_cy<2> (display_/GND_7_o_PWR_5_o_div_11/Mcompar_o<6>_cy<2>)
     MUXCY:CI->O           1   0.213   0.580  display_/GND_7_o_PWR_5_o_div_11/Mcompar_o<6>_cy<3> (display_/GND_7_o_PWR_5_o_div_11/Mcompar_o<6>_cy<3>)
     LUT5:I4->O           96   0.205   2.215  display_/GND_7_o_PWR_5_o_div_11/Mcompar_o<6>_cy<4> (display_/n0071<6>)
     LUT6:I0->O            6   0.203   1.089  display_/GND_7_o_PWR_5_o_div_11/Mmux_a[0]_a[31]_MUX_1136_o1311 (display_/GND_7_o_PWR_5_o_div_11/a[9]_a[31]_MUX_1127_o)
     LUT5:I0->O            1   0.203   0.000  display_/GND_7_o_PWR_5_o_div_11/Mcompar_o<5>_lut<0> (display_/GND_7_o_PWR_5_o_div_11/Mcompar_o<5>_lut<0>)
     MUXCY:S->O            1   0.172   0.000  display_/GND_7_o_PWR_5_o_div_11/Mcompar_o<5>_cy<0> (display_/GND_7_o_PWR_5_o_div_11/Mcompar_o<5>_cy<0>)
     MUXCY:CI->O           1   0.019   0.000  display_/GND_7_o_PWR_5_o_div_11/Mcompar_o<5>_cy<1> (display_/GND_7_o_PWR_5_o_div_11/Mcompar_o<5>_cy<1>)
     MUXCY:CI->O           1   0.019   0.000  display_/GND_7_o_PWR_5_o_div_11/Mcompar_o<5>_cy<2> (display_/GND_7_o_PWR_5_o_div_11/Mcompar_o<5>_cy<2>)
     MUXCY:CI->O           1   0.213   0.580  display_/GND_7_o_PWR_5_o_div_11/Mcompar_o<5>_cy<3> (display_/GND_7_o_PWR_5_o_div_11/Mcompar_o<5>_cy<3>)
     LUT6:I5->O           56   0.205   1.932  display_/GND_7_o_PWR_5_o_div_11/Mcompar_o<5>_cy<4> (display_/n0071<5>)
     LUT5:I0->O            8   0.203   1.147  display_/GND_7_o_PWR_5_o_div_11/Mmux_a[0]_a[31]_MUX_1168_o1231 (display_/GND_7_o_PWR_5_o_div_11/a[30]_a[31]_MUX_1138_o)
     LUT5:I0->O            0   0.203   0.000  display_/GND_7_o_PWR_5_o_div_11/Mcompar_o<4>_lutdi4 (display_/GND_7_o_PWR_5_o_div_11/Mcompar_o<4>_lutdi4)
     MUXCY:DI->O           1   0.145   0.000  display_/GND_7_o_PWR_5_o_div_11/Mcompar_o<4>_cy<4> (display_/GND_7_o_PWR_5_o_div_11/Mcompar_o<4>_cy<4>)
     MUXCY:CI->O          59   0.213   1.951  display_/GND_7_o_PWR_5_o_div_11/Mcompar_o<4>_cy<5> (display_/n0071<4>)
     LUT5:I0->O            4   0.203   1.028  display_/GND_7_o_PWR_5_o_div_11/Mmux_a[0]_a[31]_MUX_1200_o1291 (display_/GND_7_o_PWR_5_o_div_11/a[7]_a[31]_MUX_1193_o)
     LUT5:I0->O            1   0.203   0.000  display_/GND_7_o_PWR_5_o_div_11/Mcompar_o<3>_lut<0> (display_/GND_7_o_PWR_5_o_div_11/Mcompar_o<3>_lut<0>)
     MUXCY:S->O            1   0.172   0.000  display_/GND_7_o_PWR_5_o_div_11/Mcompar_o<3>_cy<0> (display_/GND_7_o_PWR_5_o_div_11/Mcompar_o<3>_cy<0>)
     MUXCY:CI->O           1   0.019   0.000  display_/GND_7_o_PWR_5_o_div_11/Mcompar_o<3>_cy<1> (display_/GND_7_o_PWR_5_o_div_11/Mcompar_o<3>_cy<1>)
     MUXCY:CI->O           1   0.019   0.000  display_/GND_7_o_PWR_5_o_div_11/Mcompar_o<3>_cy<2> (display_/GND_7_o_PWR_5_o_div_11/Mcompar_o<3>_cy<2>)
     MUXCY:CI->O           1   0.019   0.000  display_/GND_7_o_PWR_5_o_div_11/Mcompar_o<3>_cy<3> (display_/GND_7_o_PWR_5_o_div_11/Mcompar_o<3>_cy<3>)
     MUXCY:CI->O          53   0.213   1.568  display_/GND_7_o_PWR_5_o_div_11/Mcompar_o<3>_cy<4> (display_/GND_7_o_PWR_5_o_div_11/Mcompar_o<3>_cy<4>)
     LUT3:I2->O            5   0.205   1.059  display_/GND_7_o_PWR_5_o_div_11/Mcompar_o<3>_cy<5> (display_/n0071<3>)
     LUT5:I0->O            5   0.203   1.059  display_/GND_7_o_PWR_5_o_div_11/Mmux_n2529291 (display_/GND_7_o_PWR_5_o_div_11/n2529<6>)
     LUT5:I0->O            1   0.203   0.000  display_/GND_7_o_PWR_5_o_div_11/Mcompar_o<2>_lut<0> (display_/GND_7_o_PWR_5_o_div_11/Mcompar_o<2>_lut<0>)
     MUXCY:S->O            1   0.172   0.000  display_/GND_7_o_PWR_5_o_div_11/Mcompar_o<2>_cy<0> (display_/GND_7_o_PWR_5_o_div_11/Mcompar_o<2>_cy<0>)
     MUXCY:CI->O           1   0.019   0.000  display_/GND_7_o_PWR_5_o_div_11/Mcompar_o<2>_cy<1> (display_/GND_7_o_PWR_5_o_div_11/Mcompar_o<2>_cy<1>)
     MUXCY:CI->O           1   0.019   0.000  display_/GND_7_o_PWR_5_o_div_11/Mcompar_o<2>_cy<2> (display_/GND_7_o_PWR_5_o_div_11/Mcompar_o<2>_cy<2>)
     MUXCY:CI->O           1   0.019   0.000  display_/GND_7_o_PWR_5_o_div_11/Mcompar_o<2>_cy<3> (display_/GND_7_o_PWR_5_o_div_11/Mcompar_o<2>_cy<3>)
     MUXCY:CI->O          55   0.213   1.581  display_/GND_7_o_PWR_5_o_div_11/Mcompar_o<2>_cy<4> (display_/GND_7_o_PWR_5_o_div_11/Mcompar_o<2>_cy<4>)
     LUT4:I3->O           30   0.205   1.608  display_/GND_7_o_PWR_5_o_div_11/Mcompar_o<2>_cy<5> (display_/n0071<2>)
     LUT5:I0->O            3   0.203   0.995  display_/GND_7_o_PWR_5_o_div_11/Mmux_n2533281 (display_/GND_7_o_PWR_5_o_div_11/n2533<5>)
     LUT5:I0->O            1   0.203   0.000  display_/GND_7_o_PWR_5_o_div_11/Mcompar_o<1>_lut<0> (display_/GND_7_o_PWR_5_o_div_11/Mcompar_o<1>_lut<0>)
     MUXCY:S->O            1   0.172   0.000  display_/GND_7_o_PWR_5_o_div_11/Mcompar_o<1>_cy<0> (display_/GND_7_o_PWR_5_o_div_11/Mcompar_o<1>_cy<0>)
     MUXCY:CI->O           1   0.019   0.000  display_/GND_7_o_PWR_5_o_div_11/Mcompar_o<1>_cy<1> (display_/GND_7_o_PWR_5_o_div_11/Mcompar_o<1>_cy<1>)
     MUXCY:CI->O           1   0.019   0.000  display_/GND_7_o_PWR_5_o_div_11/Mcompar_o<1>_cy<2> (display_/GND_7_o_PWR_5_o_div_11/Mcompar_o<1>_cy<2>)
     MUXCY:CI->O           1   0.019   0.000  display_/GND_7_o_PWR_5_o_div_11/Mcompar_o<1>_cy<3> (display_/GND_7_o_PWR_5_o_div_11/Mcompar_o<1>_cy<3>)
     MUXCY:CI->O           1   0.213   0.580  display_/GND_7_o_PWR_5_o_div_11/Mcompar_o<1>_cy<4> (display_/GND_7_o_PWR_5_o_div_11/Mcompar_o<1>_cy<4>)
     LUT5:I4->O           30   0.205   1.608  display_/GND_7_o_PWR_5_o_div_11/Mcompar_o<1>_cy<5> (display_/n0071<1>)
     LUT5:I0->O            2   0.203   0.961  display_/GND_7_o_PWR_5_o_div_11/Mmux_n2404271 (display_/GND_7_o_PWR_5_o_div_11/n2404<4>)
     LUT5:I0->O            1   0.203   0.000  display_/GND_7_o_PWR_5_o_div_11/Mcompar_o<0>_lut<0> (display_/GND_7_o_PWR_5_o_div_11/Mcompar_o<0>_lut<0>)
     MUXCY:S->O            1   0.172   0.000  display_/GND_7_o_PWR_5_o_div_11/Mcompar_o<0>_cy<0> (display_/GND_7_o_PWR_5_o_div_11/Mcompar_o<0>_cy<0>)
     MUXCY:CI->O           1   0.019   0.000  display_/GND_7_o_PWR_5_o_div_11/Mcompar_o<0>_cy<1> (display_/GND_7_o_PWR_5_o_div_11/Mcompar_o<0>_cy<1>)
     MUXCY:CI->O           1   0.019   0.000  display_/GND_7_o_PWR_5_o_div_11/Mcompar_o<0>_cy<2> (display_/GND_7_o_PWR_5_o_div_11/Mcompar_o<0>_cy<2>)
     MUXCY:CI->O           1   0.019   0.000  display_/GND_7_o_PWR_5_o_div_11/Mcompar_o<0>_cy<3> (display_/GND_7_o_PWR_5_o_div_11/Mcompar_o<0>_cy<3>)
     MUXCY:CI->O           1   0.213   0.580  display_/GND_7_o_PWR_5_o_div_11/Mcompar_o<0>_cy<4> (display_/GND_7_o_PWR_5_o_div_11/Mcompar_o<0>_cy<4>)
     LUT6:I5->O            1   0.205   0.579  display_/GND_7_o_PWR_5_o_div_11/Mcompar_o<0>_cy<5> (display_/n0071<0>)
     DSP48A1:B0->P1        3   4.394   0.898  display_/Maddsub_n0093 (display_/n0073<1>)
     LUT6:I2->O           58   0.203   1.601  display_/Mmux_cur_blk_index21 (display_/cur_blk_index<1>)
     LUT6:I5->O            1   0.205   0.827  display_/cur_blk_index[7]_cur_blk_index[7]_OR_47_o1021 (display_/cur_blk_index[7]_cur_blk_index[7]_OR_47_o1021)
     LUT4:I0->O            2   0.203   0.961  display_/cur_blk_index[7]_cur_blk_index[7]_OR_47_o1023 (display_/cur_blk_index[7]_cur_blk_index[7]_OR_47_o102)
     LUT6:I1->O            1   0.203   0.684  display_/cur_blk_index[7]_cur_blk_index[7]_OR_47_o4_SW0 (N675)
     LUT6:I4->O            8   0.203   0.907  display_/cur_blk_index[7]_cur_blk_index[7]_OR_47_o4 (display_/cur_blk_index[7]_cur_blk_index[7]_OR_47_o)
     LUT4:I2->O            4   0.203   0.684  display_/Mmux_rgb429 (display_/Mmux_rgb42)
     LUT6:I5->O            2   0.205   0.616  display_/rgb<1>1 (rgb_0_OBUF)
     OBUF:I->O                 2.571          rgb_1_OBUF (rgb<1>)
    ----------------------------------------
    Total                    100.414ns (25.364ns logic, 75.050ns route)
                                       (25.3% logic, 74.7% route)

=========================================================================
Timing constraint: Default OFFSET OUT AFTER for Clock 'score_display_/seg_clk'
  Total number of paths / destination ports: 11 / 11
-------------------------------------------------------------------------
Offset:              3.597ns (Levels of Logic = 1)
  Source:            score_display_/seg_6 (FF)
  Destination:       seg<6> (PAD)
  Source Clock:      score_display_/seg_clk rising

  Data Path: score_display_/seg_6 to seg<6>
                                Gate     Net
    Cell:in->out      fanout   Delay   Delay  Logical Name (Net Name)
    ----------------------------------------  ------------
     FD:C->Q               1   0.447   0.579  score_display_/seg_6 (score_display_/seg_6)
     OBUF:I->O                 2.571          seg_6_OBUF (seg<6>)
    ----------------------------------------
    Total                      3.597ns (3.018ns logic, 0.579ns route)
                                       (83.9% logic, 16.1% route)

=========================================================================

Cross Clock Domains Report:
--------------------------

Clock to Setup on destination clock Mcompar__n4102_lutdi2
---------------+---------+---------+---------+---------+
               | Src:Rise| Src:Fall| Src:Rise| Src:Fall|
Source Clock   |Dest:Rise|Dest:Rise|Dest:Fall|Dest:Fall|
---------------+---------+---------+---------+---------+
clk            |   12.767|         |         |         |
---------------+---------+---------+---------+---------+

Clock to Setup on destination clock clk
---------------+---------+---------+---------+---------+
               | Src:Rise| Src:Fall| Src:Rise| Src:Fall|
Source Clock   |Dest:Rise|Dest:Rise|Dest:Fall|Dest:Fall|
---------------+---------+---------+---------+---------+
clk            |   24.003|         |         |         |
---------------+---------+---------+---------+---------+

Clock to Setup on destination clock clk_too_fast
---------------+---------+---------+---------+---------+
               | Src:Rise| Src:Fall| Src:Rise| Src:Fall|
Source Clock   |Dest:Rise|Dest:Rise|Dest:Fall|Dest:Fall|
---------------+---------+---------+---------+---------+
clk_too_fast   |    1.950|         |         |         |
---------------+---------+---------+---------+---------+

Clock to Setup on destination clock score_display_/seg_clk
----------------------+---------+---------+---------+---------+
                      | Src:Rise| Src:Fall| Src:Rise| Src:Fall|
Source Clock          |Dest:Rise|Dest:Rise|Dest:Fall|Dest:Fall|
----------------------+---------+---------+---------+---------+
clk                   |    4.027|         |         |         |
score_display_/seg_clk|    3.400|         |         |         |
----------------------+---------+---------+---------+---------+

=========================================================================


Total REAL time to Xst completion: 65.00 secs
Total CPU time to Xst completion: 65.88 secs
 
--> 

Total memory usage is 4644660 kilobytes

Number of errors   :    0 (   0 filtered)
Number of warnings :  128 (   0 filtered)
Number of infos    :   25 (   0 filtered)

